ARM Linker, 5.03 [Build 76] [MDK-ARM Lite]

==============================================================================

Section Cross References

    startup.o(STACK) refers (Special) to heapauxi.o(.text) for __use_two_region_memory
    startup.o(HEAP) refers (Special) to heapauxi.o(.text) for __use_two_region_memory
    startup.o(RESET) refers (Special) to heapauxi.o(.text) for __use_two_region_memory
    startup.o(RESET) refers to startup.o(STACK) for StackMem
    startup.o(RESET) refers to texas.o(i.Timer4A_Handler) for Timer4A_Handler
    startup.o(RESET) refers to texas.o(i.Timer5A_Handler) for Timer5A_Handler
    startup.o(RESET) refers to __main.o(!!!main) for __main
    startup.o(.text) refers (Special) to heapauxi.o(.text) for __use_two_region_memory
    startup.o(.text) refers to startup.o(HEAP) for HeapMem
    startup.o(.text) refers to startup.o(STACK) for StackMem
    nokia5110.o(i.Nokia5110_Clear) refers to nokia5110.o(i.lcdwrite) for lcdwrite
    nokia5110.o(i.Nokia5110_Clear) refers to nokia5110.o(i.Nokia5110_SetCursor) for Nokia5110_SetCursor
    nokia5110.o(i.Nokia5110_ClearBuffer) refers to nokia5110.o(.bss) for Screen
    nokia5110.o(i.Nokia5110_DisplayBuffer) refers to nokia5110.o(i.Nokia5110_DrawFullImage) for Nokia5110_DrawFullImage
    nokia5110.o(i.Nokia5110_DisplayBuffer) refers to nokia5110.o(.bss) for Screen
    nokia5110.o(i.Nokia5110_DrawFullImage) refers to nokia5110.o(i.Nokia5110_SetCursor) for Nokia5110_SetCursor
    nokia5110.o(i.Nokia5110_DrawFullImage) refers to nokia5110.o(i.lcdwrite) for lcdwrite
    nokia5110.o(i.Nokia5110_Init) refers to nokia5110.o(i.lcdwrite) for lcdwrite
    nokia5110.o(i.Nokia5110_OutChar) refers to nokia5110.o(i.lcdwrite) for lcdwrite
    nokia5110.o(i.Nokia5110_OutChar) refers to nokia5110.o(.constdata) for ASCII
    nokia5110.o(i.Nokia5110_OutString) refers to nokia5110.o(i.Nokia5110_OutChar) for Nokia5110_OutChar
    nokia5110.o(i.Nokia5110_OutUDec) refers to nokia5110.o(i.Nokia5110_OutString) for Nokia5110_OutString
    nokia5110.o(i.Nokia5110_OutUDec) refers to nokia5110.o(i.Nokia5110_OutChar) for Nokia5110_OutChar
    nokia5110.o(i.Nokia5110_PrintBMP) refers to nokia5110.o(.bss) for Screen
    nokia5110.o(i.Nokia5110_SetCursor) refers to nokia5110.o(i.lcdwrite) for lcdwrite
    connectfourmain.o(i.main) refers to uarthandler.o(i.UARTInit) for UARTInit
    connectfourmain.o(i.main) refers to inputhandler.o(i.keyPadInit) for keyPadInit
    connectfourmain.o(i.main) refers to userinterface.o(i.NokiaInit) for NokiaInit
    connectfourmain.o(i.main) refers to portfdriver.o(i.portFInit) for portFInit
    connectfourmain.o(i.main) refers to connectfour.o(i.initializeBoard) for initializeBoard
    connectfourmain.o(i.main) refers to userinterface.o(i.welcomeScene) for welcomeScene
    connectfourmain.o(i.main) refers to userinterface.o(i.Delay100ms) for Delay100ms
    connectfourmain.o(i.main) refers to userinterface.o(i.selectModeScene) for selectModeScene
    connectfourmain.o(i.main) refers to userinterface.o(i.selectSeedScene) for selectSeedScene
    connectfourmain.o(i.main) refers to userinterface.o(i.drawEmptyGrid) for drawEmptyGrid
    connectfourmain.o(i.main) refers to connectfourmain.o(i.readValidKey) for readValidKey
    connectfourmain.o(i.main) refers to connectfour.o(i.bestPosition) for bestPosition
    connectfourmain.o(i.main) refers to connectfour.o(i.heightOf) for heightOf
    connectfourmain.o(i.main) refers to userinterface.o(i.drawSeed) for drawSeed
    connectfourmain.o(i.main) refers to connectfour.o(i.addSeed) for addSeed
    connectfourmain.o(i.main) refers to connectfour.o(i.checkGameState) for checkGameState
    connectfourmain.o(i.main) refers to userinterface.o(i.stateScene) for stateScene
    connectfourmain.o(i.main) refers to userinterface.o(i.MSScene) for MSScene
    connectfourmain.o(i.main) refers to userinterface.o(i.connectingScene) for connectingScene
    connectfourmain.o(i.main) refers to connectfourmain.o(i.sendAndWaitConfirmation) for sendAndWaitConfirmation
    connectfourmain.o(i.main) refers to uarthandler.o(i.send) for send
    connectfourmain.o(i.main) refers to uarthandler.o(i.receive) for receive
    connectfourmain.o(i.main) refers to connectfourmain.o(i.validColumn) for validColumn
    connectfourmain.o(i.main) refers to userinterface.o(i.displaySlaveSeed) for displaySlaveSeed
    connectfourmain.o(i.main) refers to connectfourmain.o(.data) for state
    connectfourmain.o(i.readValidKey) refers to userinterface.o(i.Delay100ms) for Delay100ms
    connectfourmain.o(i.readValidKey) refers to inputhandler.o(i.getInputKey) for getInputKey
    connectfourmain.o(i.readValidKey) refers to connectfourmain.o(i.validColumn) for validColumn
    connectfourmain.o(i.readValidKey) refers to connectfourmain.o(.data) for nextColumn
    connectfourmain.o(i.sendAndWaitConfirmation) refers to uarthandler.o(i.send) for send
    connectfourmain.o(i.sendAndWaitConfirmation) refers to userinterface.o(i.Delay100ms) for Delay100ms
    connectfourmain.o(i.sendAndWaitConfirmation) refers to uarthandler.o(i.receive) for receive
    connectfourmain.o(i.validColumn) refers to connectfour.o(i.heightOf) for heightOf
    texas.o(i.SetCode) refers to texas.o(.bss) for TExaS
    texas.o(i.SetCourse) refers to texas.o(.bss) for TExaS
    texas.o(i.SetMode) refers to texas.o(.bss) for TExaS
    texas.o(i.StartTimer4) refers to texas.o(.data) for ScopeCount
    texas.o(i.TExaS_Init) refers to texas.o(i.PLL_Init) for PLL_Init
    texas.o(i.TExaS_Init) refers to texas.o(i.SetCourse) for SetCourse
    texas.o(i.TExaS_Init) refers to texas.o(i.UART0_Init) for UART0_Init
    texas.o(i.TExaS_Init) refers to texas.o(i.SetCode) for SetCode
    texas.o(i.TExaS_Init) refers to texas.o(i.ADC1_Init) for ADC1_Init
    texas.o(i.TExaS_Init) refers to texas.o(.constdata) for IntroMsg
    texas.o(i.TExaS_Init) refers to texas.o(.bss) for TExaS
    texas.o(i.TExaS_Init) refers to texas.o(.data) for LastMode
    texas.o(i.Timer5A_Handler) refers to texas.o(i.ADC1_In) for ADC1_In
    texas.o(i.Timer5A_Handler) refers to texas.o(.data) for TExaS_Period
    inputhandler.o(i.getInputKey) refers to inputhandler.o(.constdata) for .constdata
    userinterface.o(i.MSScene) refers to nokia5110.o(i.Nokia5110_Clear) for Nokia5110_Clear
    userinterface.o(i.MSScene) refers to nokia5110.o(i.Nokia5110_SetCursor) for Nokia5110_SetCursor
    userinterface.o(i.MSScene) refers to nokia5110.o(i.Nokia5110_OutString) for Nokia5110_OutString
    userinterface.o(i.MSScene) refers to inputhandler.o(i.getInputKey) for getInputKey
    userinterface.o(i.MSScene) refers to userinterface.o(.data) for PlayerRole
    userinterface.o(i.NokiaInit) refers to texas.o(i.TExaS_Init) for TExaS_Init
    userinterface.o(i.NokiaInit) refers to nokia5110.o(i.Nokia5110_Init) for Nokia5110_Init
    userinterface.o(i.connectingScene) refers to nokia5110.o(i.Nokia5110_Clear) for Nokia5110_Clear
    userinterface.o(i.connectingScene) refers to nokia5110.o(i.Nokia5110_SetCursor) for Nokia5110_SetCursor
    userinterface.o(i.connectingScene) refers to nokia5110.o(i.Nokia5110_OutString) for Nokia5110_OutString
    userinterface.o(i.connectingScene) refers to userinterface.o(i.Delay100ms) for Delay100ms
    userinterface.o(i.displaySlaveSeed) refers to nokia5110.o(i.Nokia5110_Clear) for Nokia5110_Clear
    userinterface.o(i.displaySlaveSeed) refers to nokia5110.o(i.Nokia5110_SetCursor) for Nokia5110_SetCursor
    userinterface.o(i.displaySlaveSeed) refers to nokia5110.o(i.Nokia5110_OutString) for Nokia5110_OutString
    userinterface.o(i.displaySlaveSeed) refers to nokia5110.o(i.Nokia5110_OutChar) for Nokia5110_OutChar
    userinterface.o(i.drawEmptyGrid) refers to nokia5110.o(i.Nokia5110_ClearBuffer) for Nokia5110_ClearBuffer
    userinterface.o(i.drawEmptyGrid) refers to nokia5110.o(i.Nokia5110_DisplayBuffer) for Nokia5110_DisplayBuffer
    userinterface.o(i.drawEmptyGrid) refers to nokia5110.o(i.Nokia5110_PrintBMP) for Nokia5110_PrintBMP
    userinterface.o(i.drawEmptyGrid) refers to userinterface.o(.data) for BoardHeight
    userinterface.o(i.drawEmptyGrid) refers to userinterface.o(.constdata) for Cell
    userinterface.o(i.drawSeed) refers to nokia5110.o(i.Nokia5110_PrintBMP) for Nokia5110_PrintBMP
    userinterface.o(i.drawSeed) refers to nokia5110.o(i.Nokia5110_DisplayBuffer) for Nokia5110_DisplayBuffer
    userinterface.o(i.drawSeed) refers to userinterface.o(.constdata) for X
    userinterface.o(i.drawSeed) refers to userinterface.o(.data) for BoardHeight
    userinterface.o(i.selectModeScene) refers to nokia5110.o(i.Nokia5110_Clear) for Nokia5110_Clear
    userinterface.o(i.selectModeScene) refers to nokia5110.o(i.Nokia5110_SetCursor) for Nokia5110_SetCursor
    userinterface.o(i.selectModeScene) refers to nokia5110.o(i.Nokia5110_OutString) for Nokia5110_OutString
    userinterface.o(i.selectModeScene) refers to inputhandler.o(i.getInputKey) for getInputKey
    userinterface.o(i.selectModeScene) refers to userinterface.o(.data) for PlayerTurn
    userinterface.o(i.selectSeedScene) refers to nokia5110.o(i.Nokia5110_Clear) for Nokia5110_Clear
    userinterface.o(i.selectSeedScene) refers to nokia5110.o(i.Nokia5110_SetCursor) for Nokia5110_SetCursor
    userinterface.o(i.selectSeedScene) refers to nokia5110.o(i.Nokia5110_OutString) for Nokia5110_OutString
    userinterface.o(i.selectSeedScene) refers to inputhandler.o(i.getInputKey) for getInputKey
    userinterface.o(i.selectSeedScene) refers to userinterface.o(.data) for PlayerSeed
    userinterface.o(i.stateScene) refers to nokia5110.o(i.Nokia5110_Clear) for Nokia5110_Clear
    userinterface.o(i.stateScene) refers to nokia5110.o(i.Nokia5110_SetCursor) for Nokia5110_SetCursor
    userinterface.o(i.stateScene) refers to nokia5110.o(i.Nokia5110_OutString) for Nokia5110_OutString
    userinterface.o(i.waitingScene) refers to nokia5110.o(i.Nokia5110_Clear) for Nokia5110_Clear
    userinterface.o(i.waitingScene) refers to nokia5110.o(i.Nokia5110_SetCursor) for Nokia5110_SetCursor
    userinterface.o(i.waitingScene) refers to nokia5110.o(i.Nokia5110_OutString) for Nokia5110_OutString
    userinterface.o(i.waitingScene) refers to userinterface.o(i.Delay100ms) for Delay100ms
    userinterface.o(i.welcomeScene) refers to nokia5110.o(i.Nokia5110_ClearBuffer) for Nokia5110_ClearBuffer
    userinterface.o(i.welcomeScene) refers to nokia5110.o(i.Nokia5110_DisplayBuffer) for Nokia5110_DisplayBuffer
    userinterface.o(i.welcomeScene) refers to nokia5110.o(i.Nokia5110_PrintBMP) for Nokia5110_PrintBMP
    userinterface.o(i.welcomeScene) refers to userinterface.o(.constdata) for Logo
    connectfour.o(i.addSeed) refers to connectfour.o(.bss) for columnHeight
    connectfour.o(i.bestMoveP1) refers to connectfour.o(i.addSeed) for addSeed
    connectfour.o(i.bestMoveP1) refers to connectfour.o(i.minimax) for minimax
    connectfour.o(i.bestMoveP1) refers to connectfour.o(i.removeSeed) for removeSeed
    connectfour.o(i.bestMoveP1) refers to connectfour.o(.data) for INF
    connectfour.o(i.bestMoveP1) refers to connectfour.o(.bss) for columnHeight
    connectfour.o(i.bestMoveP2) refers to connectfour.o(i.addSeed) for addSeed
    connectfour.o(i.bestMoveP2) refers to connectfour.o(i.minimax) for minimax
    connectfour.o(i.bestMoveP2) refers to connectfour.o(i.removeSeed) for removeSeed
    connectfour.o(i.bestMoveP2) refers to connectfour.o(.data) for INF
    connectfour.o(i.bestMoveP2) refers to connectfour.o(.bss) for columnHeight
    connectfour.o(i.bestPosition) refers to connectfour.o(i.bestMoveP1) for bestMoveP1
    connectfour.o(i.bestPosition) refers to connectfour.o(i.bestMoveP2) for bestMoveP2
    connectfour.o(i.checkGameState) refers to connectfour.o(i.isMovesLeft) for isMovesLeft
    connectfour.o(i.checkGameState) refers to connectfour.o(i.evaluate) for evaluate
    connectfour.o(i.evaluate) refers to connectfour.o(.bss) for gameGrid
    connectfour.o(i.evaluate) refers to connectfour.o(.data) for player1
    connectfour.o(i.heightOf) refers to connectfour.o(.bss) for columnHeight
    connectfour.o(i.initializeBoard) refers to rt_memclr_w.o(.text) for __aeabi_memclr4
    connectfour.o(i.initializeBoard) refers to connectfour.o(.bss) for gameGrid
    connectfour.o(i.initializeBoard) refers to connectfour.o(.data) for currentTurn
    connectfour.o(i.isMovesLeft) refers to connectfour.o(.bss) for columnHeight
    connectfour.o(i.minimax) refers to connectfour.o(i.evaluate) for evaluate
    connectfour.o(i.minimax) refers to connectfour.o(i.isMovesLeft) for isMovesLeft
    connectfour.o(i.minimax) refers to connectfour.o(i.max) for max
    connectfour.o(i.minimax) refers to connectfour.o(i.min) for min
    connectfour.o(i.minimax) refers to connectfour.o(.data) for INF
    connectfour.o(i.minimax) refers to connectfour.o(.bss) for columnHeight
    connectfour.o(i.removeSeed) refers to connectfour.o(.bss) for columnHeight
    portfdriver.o(i.blinkBlueLed) refers to portfdriver.o(i.toggleBlueLed) for toggleBlueLed
    portfdriver.o(i.blinkBlueLed) refers to portfdriver.o(i.Delay) for Delay
    portfdriver.o(i.blinkGreenLed) refers to portfdriver.o(i.toggleGreenLed) for toggleGreenLed
    portfdriver.o(i.blinkGreenLed) refers to portfdriver.o(i.Delay) for Delay
    portfdriver.o(i.blinkRedLed) refers to portfdriver.o(i.toggleRedLed) for toggleRedLed
    portfdriver.o(i.blinkRedLed) refers to portfdriver.o(i.Delay) for Delay
    portfdriver.o(i.isSw1LongPressed) refers to portfdriver.o(i.isSw1Pressed) for isSw1Pressed
    portfdriver.o(i.isSw1ShortPressed) refers to portfdriver.o(i.isSw1Pressed) for isSw1Pressed
    portfdriver.o(i.isSw2LongPressed) refers to portfdriver.o(i.isSw2Pressed) for isSw2Pressed
    portfdriver.o(i.isSw2ShortPressed) refers to portfdriver.o(i.isSw2Pressed) for isSw2Pressed
    __main.o(!!!main) refers to rtentry.o(.ARM.Collect$$rtentry$$00000000) for __rt_entry
    rtentry.o(.ARM.Collect$$rtentry$$00000000) refers (Special) to rtentry2.o(.ARM.Collect$$rtentry$$0000000A) for __rt_entry_li
    rtentry.o(.ARM.Collect$$rtentry$$00000000) refers (Special) to rtentry2.o(.ARM.Collect$$rtentry$$0000000D) for __rt_entry_main
    rtentry.o(.ARM.Collect$$rtentry$$00000000) refers (Special) to rtentry2.o(.ARM.Collect$$rtentry$$0000000C) for __rt_entry_postli_1
    rtentry.o(.ARM.Collect$$rtentry$$00000000) refers (Special) to rtentry2.o(.ARM.Collect$$rtentry$$00000009) for __rt_entry_postsh_1
    rtentry.o(.ARM.Collect$$rtentry$$00000000) refers (Special) to rtentry2.o(.ARM.Collect$$rtentry$$00000002) for __rt_entry_presh_1
    rtentry.o(.ARM.Collect$$rtentry$$00000000) refers (Special) to rtentry4.o(.ARM.Collect$$rtentry$$00000004) for __rt_entry_sh
    rtentry2.o(.ARM.Collect$$rtentry$$00000008) refers to boardinit2.o(.text) for _platform_post_stackheap_init
    rtentry2.o(.ARM.Collect$$rtentry$$0000000A) refers to libinit.o(.ARM.Collect$$libinit$$00000000) for __rt_lib_init
    rtentry2.o(.ARM.Collect$$rtentry$$0000000B) refers to boardinit3.o(.text) for _platform_post_lib_init
    rtentry2.o(.ARM.Collect$$rtentry$$0000000D) refers to connectfourmain.o(i.main) for main
    rtentry2.o(.ARM.Collect$$rtentry$$0000000D) refers to exit.o(.text) for exit
    rtentry2.o(.ARM.exidx) refers to rtentry2.o(.ARM.Collect$$rtentry$$00000001) for .ARM.Collect$$rtentry$$00000001
    rtentry2.o(.ARM.exidx) refers to rtentry2.o(.ARM.Collect$$rtentry$$00000008) for .ARM.Collect$$rtentry$$00000008
    rtentry2.o(.ARM.exidx) refers to rtentry2.o(.ARM.Collect$$rtentry$$0000000A) for .ARM.Collect$$rtentry$$0000000A
    rtentry2.o(.ARM.exidx) refers to rtentry2.o(.ARM.Collect$$rtentry$$0000000B) for .ARM.Collect$$rtentry$$0000000B
    rtentry2.o(.ARM.exidx) refers to rtentry2.o(.ARM.Collect$$rtentry$$0000000D) for .ARM.Collect$$rtentry$$0000000D
    rtentry4.o(.ARM.Collect$$rtentry$$00000004) refers to sys_stackheap_outer.o(.text) for __user_setup_stackheap
    rtentry4.o(.ARM.exidx) refers to rtentry4.o(.ARM.Collect$$rtentry$$00000004) for .ARM.Collect$$rtentry$$00000004
    sys_stackheap_outer.o(.text) refers to libspace.o(.text) for __user_perproc_libspace
    sys_stackheap_outer.o(.text) refers to startup.o(.text) for __user_initial_stackheap
    exit.o(.text) refers to rtexit.o(.ARM.Collect$$rtexit$$00000000) for __rt_exit
    libinit.o(.ARM.Collect$$libinit$$00000000) refers (Special) to libinit2.o(.ARM.Collect$$libinit$$0000002C) for __rt_lib_init_alloca_1
    libinit.o(.ARM.Collect$$libinit$$00000000) refers (Special) to libinit2.o(.ARM.Collect$$libinit$$0000002A) for __rt_lib_init_argv_1
    libinit.o(.ARM.Collect$$libinit$$00000000) refers (Special) to libinit2.o(.ARM.Collect$$libinit$$00000019) for __rt_lib_init_atexit_1
    libinit.o(.ARM.Collect$$libinit$$00000000) refers (Special) to libinit2.o(.ARM.Collect$$libinit$$0000001F) for __rt_lib_init_clock_1
    libinit.o(.ARM.Collect$$libinit$$00000000) refers (Special) to libinit2.o(.ARM.Collect$$libinit$$00000030) for __rt_lib_init_cpp_1
    libinit.o(.ARM.Collect$$libinit$$00000000) refers (Special) to libinit2.o(.ARM.Collect$$libinit$$0000002E) for __rt_lib_init_exceptions_1
    libinit.o(.ARM.Collect$$libinit$$00000000) refers (Special) to libinit2.o(.ARM.Collect$$libinit$$00000002) for __rt_lib_init_fp_1
    libinit.o(.ARM.Collect$$libinit$$00000000) refers (Special) to libinit2.o(.ARM.Collect$$libinit$$0000001D) for __rt_lib_init_fp_trap_1
    libinit.o(.ARM.Collect$$libinit$$00000000) refers (Special) to libinit2.o(.ARM.Collect$$libinit$$00000021) for __rt_lib_init_getenv_1
    libinit.o(.ARM.Collect$$libinit$$00000000) refers (Special) to libinit2.o(.ARM.Collect$$libinit$$00000008) for __rt_lib_init_heap_1
    libinit.o(.ARM.Collect$$libinit$$00000000) refers (Special) to libinit2.o(.ARM.Collect$$libinit$$0000000F) for __rt_lib_init_lc_collate_1
    libinit.o(.ARM.Collect$$libinit$$00000000) refers (Special) to libinit2.o(.ARM.Collect$$libinit$$00000011) for __rt_lib_init_lc_ctype_1
    libinit.o(.ARM.Collect$$libinit$$00000000) refers (Special) to libinit2.o(.ARM.Collect$$libinit$$00000013) for __rt_lib_init_lc_monetary_1
    libinit.o(.ARM.Collect$$libinit$$00000000) refers (Special) to libinit2.o(.ARM.Collect$$libinit$$00000015) for __rt_lib_init_lc_numeric_1
    libinit.o(.ARM.Collect$$libinit$$00000000) refers (Special) to libinit2.o(.ARM.Collect$$libinit$$00000017) for __rt_lib_init_lc_time_1
    libinit.o(.ARM.Collect$$libinit$$00000000) refers (Special) to libinit2.o(.ARM.Collect$$libinit$$0000000C) for __rt_lib_init_rand_1
    libinit.o(.ARM.Collect$$libinit$$00000000) refers (Special) to libinit2.o(.ARM.Collect$$libinit$$00000031) for __rt_lib_init_return
    libinit.o(.ARM.Collect$$libinit$$00000000) refers (Special) to libinit2.o(.ARM.Collect$$libinit$$0000001B) for __rt_lib_init_signal_1
    libinit.o(.ARM.Collect$$libinit$$00000000) refers (Special) to libinit2.o(.ARM.Collect$$libinit$$00000023) for __rt_lib_init_stdio_1
    libinit.o(.ARM.Collect$$libinit$$00000000) refers (Special) to libinit2.o(.ARM.Collect$$libinit$$0000000A) for __rt_lib_init_user_alloc_1
    libspace.o(.text) refers to libspace.o(.bss) for __libspace_start
    rtexit.o(.ARM.Collect$$rtexit$$00000000) refers (Special) to rtexit2.o(.ARM.Collect$$rtexit$$00000004) for __rt_exit_exit
    rtexit.o(.ARM.Collect$$rtexit$$00000000) refers (Special) to rtexit2.o(.ARM.Collect$$rtexit$$00000003) for __rt_exit_ls
    rtexit.o(.ARM.Collect$$rtexit$$00000000) refers (Special) to rtexit2.o(.ARM.Collect$$rtexit$$00000002) for __rt_exit_prels_1
    rtexit.o(.ARM.exidx) refers (Special) to rtexit2.o(.ARM.Collect$$rtexit$$00000004) for __rt_exit_exit
    rtexit.o(.ARM.exidx) refers (Special) to rtexit2.o(.ARM.Collect$$rtexit$$00000003) for __rt_exit_ls
    rtexit.o(.ARM.exidx) refers (Special) to rtexit2.o(.ARM.Collect$$rtexit$$00000002) for __rt_exit_prels_1
    rtexit.o(.ARM.exidx) refers to rtexit.o(.ARM.Collect$$rtexit$$00000000) for .ARM.Collect$$rtexit$$00000000
    libinit2.o(.ARM.Collect$$libinit$$0000000E) refers to libinit2.o(.ARM.Collect$$libinit$$0000000D) for .ARM.Collect$$libinit$$0000000D
    libinit2.o(.ARM.Collect$$libinit$$00000010) refers to libinit2.o(.ARM.Collect$$libinit$$0000000D) for .ARM.Collect$$libinit$$0000000D
    libinit2.o(.ARM.Collect$$libinit$$00000012) refers to libinit2.o(.ARM.Collect$$libinit$$0000000D) for .ARM.Collect$$libinit$$0000000D
    libinit2.o(.ARM.Collect$$libinit$$00000014) refers to libinit2.o(.ARM.Collect$$libinit$$0000000D) for .ARM.Collect$$libinit$$0000000D
    libinit2.o(.ARM.Collect$$libinit$$00000016) refers to libinit2.o(.ARM.Collect$$libinit$$0000000D) for .ARM.Collect$$libinit$$0000000D
    libinit2.o(.ARM.Collect$$libinit$$00000024) refers to argv_veneer.o(.emb_text) for __ARM_argv_veneer
    libinit2.o(.ARM.Collect$$libinit$$00000025) refers to argv_veneer.o(.emb_text) for __ARM_argv_veneer
    rtexit2.o(.ARM.Collect$$rtexit$$00000003) refers to libshutdown.o(.ARM.Collect$$libshutdown$$00000000) for __rt_lib_shutdown
    rtexit2.o(.ARM.Collect$$rtexit$$00000004) refers to sys_exit.o(.text) for _sys_exit
    rtexit2.o(.ARM.exidx) refers to rtexit2.o(.ARM.Collect$$rtexit$$00000001) for .ARM.Collect$$rtexit$$00000001
    rtexit2.o(.ARM.exidx) refers to rtexit2.o(.ARM.Collect$$rtexit$$00000003) for .ARM.Collect$$rtexit$$00000003
    rtexit2.o(.ARM.exidx) refers to rtexit2.o(.ARM.Collect$$rtexit$$00000004) for .ARM.Collect$$rtexit$$00000004
    argv_veneer.o(.emb_text) refers to no_argv.o(.text) for __ARM_get_argv
    sys_exit.o(.text) refers (Special) to use_no_semi.o(.text) for __I$use$semihosting
    sys_exit.o(.text) refers (Special) to indicate_semi.o(.text) for __semihosting_library_function
    _get_argv_nomalloc.o(.text) refers (Special) to hrguard.o(.text) for __heap_region$guard
    _get_argv_nomalloc.o(.text) refers to defsig_rtmem_outer.o(.text) for __rt_SIGRTMEM
    _get_argv_nomalloc.o(.text) refers to sys_command.o(.text) for _sys_command_string
    libshutdown.o(.ARM.Collect$$libshutdown$$00000000) refers (Special) to libshutdown2.o(.ARM.Collect$$libshutdown$$00000006) for __rt_lib_shutdown_fp_trap_1
    libshutdown.o(.ARM.Collect$$libshutdown$$00000000) refers (Special) to libshutdown2.o(.ARM.Collect$$libshutdown$$0000000E) for __rt_lib_shutdown_heap_1
    libshutdown.o(.ARM.Collect$$libshutdown$$00000000) refers (Special) to libshutdown2.o(.ARM.Collect$$libshutdown$$0000000F) for __rt_lib_shutdown_return
    libshutdown.o(.ARM.Collect$$libshutdown$$00000000) refers (Special) to libshutdown2.o(.ARM.Collect$$libshutdown$$00000009) for __rt_lib_shutdown_signal_1
    libshutdown.o(.ARM.Collect$$libshutdown$$00000000) refers (Special) to libshutdown2.o(.ARM.Collect$$libshutdown$$00000003) for __rt_lib_shutdown_stdio_1
    libshutdown.o(.ARM.Collect$$libshutdown$$00000000) refers (Special) to libshutdown2.o(.ARM.Collect$$libshutdown$$0000000B) for __rt_lib_shutdown_user_alloc_1
    sys_command.o(.text) refers (Special) to use_no_semi.o(.text) for __I$use$semihosting
    sys_command.o(.text) refers (Special) to indicate_semi.o(.text) for __semihosting_library_function
    defsig_rtmem_outer.o(.text) refers to defsig_rtmem_inner.o(.text) for __rt_SIGRTMEM_inner
    defsig_rtmem_outer.o(.text) refers to defsig_exit.o(.text) for __sig_exit
    defsig_rtmem_formal.o(.text) refers to rt_raise.o(.text) for __rt_raise
    rt_raise.o(.text) refers to __raise.o(.text) for __raise
    rt_raise.o(.text) refers to sys_exit.o(.text) for _sys_exit
    defsig_exit.o(.text) refers to sys_exit.o(.text) for _sys_exit
    defsig_rtmem_inner.o(.text) refers to defsig_general.o(.text) for __default_signal_display
    __raise.o(.text) refers to defsig.o(CL$$defsig) for __default_signal_handler
    defsig_general.o(.text) refers to sys_wrch.o(.text) for _ttywrch
    sys_wrch.o(.text) refers (Special) to use_no_semi.o(.text) for __I$use$semihosting
    sys_wrch.o(.text) refers (Special) to indicate_semi.o(.text) for __semihosting_library_function
    defsig.o(CL$$defsig) refers to defsig_rtmem_inner.o(.text) for __rt_SIGRTMEM_inner
    defsig_abrt_inner.o(.text) refers to defsig_general.o(.text) for __default_signal_display
    defsig_fpe_inner.o(.text) refers to defsig_general.o(.text) for __default_signal_display
    defsig_rtred_inner.o(.text) refers to defsig_general.o(.text) for __default_signal_display
    defsig_stak_inner.o(.text) refers to defsig_general.o(.text) for __default_signal_display
    defsig_pvfn_inner.o(.text) refers to defsig_general.o(.text) for __default_signal_display
    defsig_cppl_inner.o(.text) refers to defsig_general.o(.text) for __default_signal_display
    defsig_segv_inner.o(.text) refers to defsig_general.o(.text) for __default_signal_display
    defsig_other.o(.text) refers to defsig_general.o(.text) for __default_signal_display


==============================================================================

Removing Unused input sections from the image.

    Removing nokia5110.o(i.Nokia5110_OutUDec), (412 bytes).
    Removing connectfourmain.o(.constdata), (480 bytes).
    Removing texas.o(i.SetMode), (24 bytes).
    Removing texas.o(i.StartTimer4), (36 bytes).
    Removing texas.o(i.StopTimer4), (24 bytes).
    Removing texas.o(i.TExaS_Stop), (28 bytes).
    Removing texas.o(i.UART0_InChar), (24 bytes).
    Removing texas.o(i.UART0_InCharNonBlocking), (28 bytes).
    Removing texas.o(i.UART0_OutChar), (24 bytes).
    Removing texas.o(i.UART0_OutCharNonBlock), (12 bytes).
    Removing texas.o(i.copy), (18 bytes).
    Removing userinterface.o(i.waitingScene), (56 bytes).
    Removing portfdriver.o(i.Delay), (36 bytes).
    Removing portfdriver.o(i.blinkBlueLed), (30 bytes).
    Removing portfdriver.o(i.blinkGreenLed), (30 bytes).
    Removing portfdriver.o(i.blinkRedLed), (30 bytes).
    Removing portfdriver.o(i.clearBlueLed), (24 bytes).
    Removing portfdriver.o(i.clearGreenLed), (24 bytes).
    Removing portfdriver.o(i.clearRedLed), (24 bytes).
    Removing portfdriver.o(i.clearYellowLed), (24 bytes).
    Removing portfdriver.o(i.getBlueLed), (16 bytes).
    Removing portfdriver.o(i.getGreenLed), (16 bytes).
    Removing portfdriver.o(i.getPinVal), (24 bytes).
    Removing portfdriver.o(i.getRedLed), (16 bytes).
    Removing portfdriver.o(i.getYellowLed), (16 bytes).
    Removing portfdriver.o(i.isSw1LongPressed), (36 bytes).
    Removing portfdriver.o(i.isSw1Pressed), (20 bytes).
    Removing portfdriver.o(i.isSw1ShortPressed), (36 bytes).
    Removing portfdriver.o(i.isSw2LongPressed), (36 bytes).
    Removing portfdriver.o(i.isSw2Pressed), (20 bytes).
    Removing portfdriver.o(i.isSw2ShortPressed), (36 bytes).
    Removing portfdriver.o(i.setBlueLed), (12 bytes).
    Removing portfdriver.o(i.setGreenLed), (12 bytes).
    Removing portfdriver.o(i.setPin), (28 bytes).
    Removing portfdriver.o(i.setRedLed), (12 bytes).
    Removing portfdriver.o(i.setYellowLed), (12 bytes).
    Removing portfdriver.o(i.toggleBlueLed), (24 bytes).
    Removing portfdriver.o(i.toggleGreenLed), (24 bytes).
    Removing portfdriver.o(i.toggleRedLed), (24 bytes).
    Removing portfdriver.o(i.toggleYellowLed), (24 bytes).

40 unused section(s) (total 1832 bytes) removed from the image.

==============================================================================

Image Symbol Table

    Local Symbols

    Symbol Name                              Value     Ov Type        Size  Object(Section)

    RESET                                    0x00000000   Section      644  startup.o(RESET)
    ../clib/angel/boardlib.s                 0x00000000   Number         0  boardshut.o ABSOLUTE
    ../clib/angel/boardlib.s                 0x00000000   Number         0  boardinit1.o ABSOLUTE
    ../clib/angel/boardlib.s                 0x00000000   Number         0  boardinit3.o ABSOLUTE
    ../clib/angel/boardlib.s                 0x00000000   Number         0  boardinit2.o ABSOLUTE
    ../clib/angel/handlers.s                 0x00000000   Number         0  __scatter_copy.o ABSOLUTE
    ../clib/angel/handlers.s                 0x00000000   Number         0  __scatter_zi.o ABSOLUTE
    ../clib/angel/kernel.s                   0x00000000   Number         0  rtentry4.o ABSOLUTE
    ../clib/angel/kernel.s                   0x00000000   Number         0  rtentry2.o ABSOLUTE
    ../clib/angel/kernel.s                   0x00000000   Number         0  rtexit.o ABSOLUTE
    ../clib/angel/kernel.s                   0x00000000   Number         0  rtexit2.o ABSOLUTE
    ../clib/angel/kernel.s                   0x00000000   Number         0  rtentry.o ABSOLUTE
    ../clib/angel/rt.s                       0x00000000   Number         0  rt_raise.o ABSOLUTE
    ../clib/angel/scatter.s                  0x00000000   Number         0  __scatter.o ABSOLUTE
    ../clib/angel/startup.s                  0x00000000   Number         0  __main.o ABSOLUTE
    ../clib/angel/sys.s                      0x00000000   Number         0  indicate_semi.o ABSOLUTE
    ../clib/angel/sys.s                      0x00000000   Number         0  libspace.o ABSOLUTE
    ../clib/angel/sys.s                      0x00000000   Number         0  sys_stackheap_outer.o ABSOLUTE
    ../clib/angel/sys.s                      0x00000000   Number         0  use_no_semi.o ABSOLUTE
    ../clib/angel/sysapp.c                   0x00000000   Number         0  sys_exit.o ABSOLUTE
    ../clib/angel/sysapp.c                   0x00000000   Number         0  sys_command.o ABSOLUTE
    ../clib/angel/sysapp.c                   0x00000000   Number         0  sys_wrch.o ABSOLUTE
    ../clib/armsys.c                         0x00000000   Number         0  _get_argv_nomalloc.o ABSOLUTE
    ../clib/armsys.c                         0x00000000   Number         0  no_argv.o ABSOLUTE
    ../clib/armsys.c                         0x00000000   Number         0  argv_veneer.o ABSOLUTE
    ../clib/armsys.c                         0x00000000   Number         0  argv_veneer.o ABSOLUTE
    ../clib/heapalloc.c                      0x00000000   Number         0  hrguard.o ABSOLUTE
    ../clib/heapaux.c                        0x00000000   Number         0  heapauxi.o ABSOLUTE
    ../clib/libinit.s                        0x00000000   Number         0  libshutdown2.o ABSOLUTE
    ../clib/libinit.s                        0x00000000   Number         0  libinit.o ABSOLUTE
    ../clib/libinit.s                        0x00000000   Number         0  libinit2.o ABSOLUTE
    ../clib/libinit.s                        0x00000000   Number         0  libshutdown.o ABSOLUTE
    ../clib/memcpset.s                       0x00000000   Number         0  rt_memclr_w.o ABSOLUTE
    ../clib/signal.c                         0x00000000   Number         0  defsig_rtmem_outer.o ABSOLUTE
    ../clib/signal.c                         0x00000000   Number         0  defsig_abrt_inner.o ABSOLUTE
    ../clib/signal.c                         0x00000000   Number         0  defsig_fpe_inner.o ABSOLUTE
    ../clib/signal.c                         0x00000000   Number         0  defsig_rtred_inner.o ABSOLUTE
    ../clib/signal.c                         0x00000000   Number         0  defsig_exit.o ABSOLUTE
    ../clib/signal.c                         0x00000000   Number         0  defsig_pvfn_inner.o ABSOLUTE
    ../clib/signal.c                         0x00000000   Number         0  defsig_cppl_inner.o ABSOLUTE
    ../clib/signal.c                         0x00000000   Number         0  defsig_other.o ABSOLUTE
    ../clib/signal.c                         0x00000000   Number         0  defsig_segv_inner.o ABSOLUTE
    ../clib/signal.c                         0x00000000   Number         0  defsig_stak_inner.o ABSOLUTE
    ../clib/signal.c                         0x00000000   Number         0  defsig_rtmem_inner.o ABSOLUTE
    ../clib/signal.c                         0x00000000   Number         0  defsig_general.o ABSOLUTE
    ../clib/signal.c                         0x00000000   Number         0  __raise.o ABSOLUTE
    ../clib/signal.c                         0x00000000   Number         0  defsig_rtmem_formal.o ABSOLUTE
    ../clib/signal.s                         0x00000000   Number         0  defsig.o ABSOLUTE
    ../clib/stdlib.c                         0x00000000   Number         0  exit.o ABSOLUTE
    ../fplib/fpinit.s                        0x00000000   Number         0  fpinit.o ABSOLUTE
    ConnectFour.c                            0x00000000   Number         0  connectfour.o ABSOLUTE
    ConnectFourMain.c                        0x00000000   Number         0  connectfourmain.o ABSOLUTE
    InputHandler.c                           0x00000000   Number         0  inputhandler.o ABSOLUTE
    Nokia5110.c                              0x00000000   Number         0  nokia5110.o ABSOLUTE
    PortFDriver.c                            0x00000000   Number         0  portfdriver.o ABSOLUTE
    TExaS.c                                  0x00000000   Number         0  texas.o ABSOLUTE
    UARTHandler.c                            0x00000000   Number         0  uarthandler.o ABSOLUTE
    UserInterface.c                          0x00000000   Number         0  userinterface.o ABSOLUTE
    dc.s                                     0x00000000   Number         0  dc.o ABSOLUTE
    startup.s                                0x00000000   Number         0  startup.o ABSOLUTE
    !!!main                                  0x00000284   Section        8  __main.o(!!!main)
    !!!scatter                               0x0000028c   Section       52  __scatter.o(!!!scatter)
    !!handler_copy                           0x000002c0   Section       26  __scatter_copy.o(!!handler_copy)
    !!handler_zi                             0x000002dc   Section       28  __scatter_zi.o(!!handler_zi)
    .ARM.Collect$$libinit$$00000000          0x000002f8   Section        2  libinit.o(.ARM.Collect$$libinit$$00000000)
    .ARM.Collect$$libinit$$00000002          0x000002fa   Section        0  libinit2.o(.ARM.Collect$$libinit$$00000002)
    .ARM.Collect$$libinit$$00000008          0x000002fa   Section        0  libinit2.o(.ARM.Collect$$libinit$$00000008)
    .ARM.Collect$$libinit$$0000000A          0x000002fa   Section        0  libinit2.o(.ARM.Collect$$libinit$$0000000A)
    .ARM.Collect$$libinit$$0000000C          0x000002fa   Section        0  libinit2.o(.ARM.Collect$$libinit$$0000000C)
    .ARM.Collect$$libinit$$0000000F          0x000002fa   Section        0  libinit2.o(.ARM.Collect$$libinit$$0000000F)
    .ARM.Collect$$libinit$$00000011          0x000002fa   Section        0  libinit2.o(.ARM.Collect$$libinit$$00000011)
    .ARM.Collect$$libinit$$00000013          0x000002fa   Section        0  libinit2.o(.ARM.Collect$$libinit$$00000013)
    .ARM.Collect$$libinit$$00000015          0x000002fa   Section        0  libinit2.o(.ARM.Collect$$libinit$$00000015)
    .ARM.Collect$$libinit$$00000017          0x000002fa   Section        0  libinit2.o(.ARM.Collect$$libinit$$00000017)
    .ARM.Collect$$libinit$$00000019          0x000002fa   Section        0  libinit2.o(.ARM.Collect$$libinit$$00000019)
    .ARM.Collect$$libinit$$0000001B          0x000002fa   Section        0  libinit2.o(.ARM.Collect$$libinit$$0000001B)
    .ARM.Collect$$libinit$$0000001D          0x000002fa   Section        0  libinit2.o(.ARM.Collect$$libinit$$0000001D)
    .ARM.Collect$$libinit$$0000001F          0x000002fa   Section        0  libinit2.o(.ARM.Collect$$libinit$$0000001F)
    .ARM.Collect$$libinit$$00000021          0x000002fa   Section        0  libinit2.o(.ARM.Collect$$libinit$$00000021)
    .ARM.Collect$$libinit$$00000023          0x000002fa   Section        0  libinit2.o(.ARM.Collect$$libinit$$00000023)
    .ARM.Collect$$libinit$$0000002A          0x000002fa   Section        0  libinit2.o(.ARM.Collect$$libinit$$0000002A)
    .ARM.Collect$$libinit$$0000002C          0x000002fa   Section        0  libinit2.o(.ARM.Collect$$libinit$$0000002C)
    .ARM.Collect$$libinit$$0000002E          0x000002fa   Section        0  libinit2.o(.ARM.Collect$$libinit$$0000002E)
    .ARM.Collect$$libinit$$00000030          0x000002fa   Section        0  libinit2.o(.ARM.Collect$$libinit$$00000030)
    .ARM.Collect$$libinit$$00000031          0x000002fa   Section        2  libinit2.o(.ARM.Collect$$libinit$$00000031)
    .ARM.Collect$$libshutdown$$00000000      0x000002fc   Section        2  libshutdown.o(.ARM.Collect$$libshutdown$$00000000)
    .ARM.Collect$$libshutdown$$00000003      0x000002fe   Section        0  libshutdown2.o(.ARM.Collect$$libshutdown$$00000003)
    .ARM.Collect$$libshutdown$$00000006      0x000002fe   Section        0  libshutdown2.o(.ARM.Collect$$libshutdown$$00000006)
    .ARM.Collect$$libshutdown$$00000009      0x000002fe   Section        0  libshutdown2.o(.ARM.Collect$$libshutdown$$00000009)
    .ARM.Collect$$libshutdown$$0000000B      0x000002fe   Section        0  libshutdown2.o(.ARM.Collect$$libshutdown$$0000000B)
    .ARM.Collect$$libshutdown$$0000000E      0x000002fe   Section        0  libshutdown2.o(.ARM.Collect$$libshutdown$$0000000E)
    .ARM.Collect$$libshutdown$$0000000F      0x000002fe   Section        2  libshutdown2.o(.ARM.Collect$$libshutdown$$0000000F)
    .ARM.Collect$$rtentry$$00000000          0x00000300   Section        0  rtentry.o(.ARM.Collect$$rtentry$$00000000)
    .ARM.Collect$$rtentry$$00000002          0x00000300   Section        0  rtentry2.o(.ARM.Collect$$rtentry$$00000002)
    .ARM.Collect$$rtentry$$00000004          0x00000300   Section        6  rtentry4.o(.ARM.Collect$$rtentry$$00000004)
    .ARM.Collect$$rtentry$$00000009          0x00000306   Section        0  rtentry2.o(.ARM.Collect$$rtentry$$00000009)
    .ARM.Collect$$rtentry$$0000000A          0x00000306   Section        4  rtentry2.o(.ARM.Collect$$rtentry$$0000000A)
    .ARM.Collect$$rtentry$$0000000C          0x0000030a   Section        0  rtentry2.o(.ARM.Collect$$rtentry$$0000000C)
    .ARM.Collect$$rtentry$$0000000D          0x0000030a   Section        8  rtentry2.o(.ARM.Collect$$rtentry$$0000000D)
    .ARM.Collect$$rtexit$$00000000           0x00000312   Section        2  rtexit.o(.ARM.Collect$$rtexit$$00000000)
    .ARM.Collect$$rtexit$$00000002           0x00000314   Section        0  rtexit2.o(.ARM.Collect$$rtexit$$00000002)
    .ARM.Collect$$rtexit$$00000003           0x00000314   Section        4  rtexit2.o(.ARM.Collect$$rtexit$$00000003)
    .ARM.Collect$$rtexit$$00000004           0x00000318   Section        6  rtexit2.o(.ARM.Collect$$rtexit$$00000004)
    .text                                    0x00000320   Section       48  startup.o(.text)
    .text                                    0x00000350   Section       78  rt_memclr_w.o(.text)
    .text                                    0x0000039e   Section        0  heapauxi.o(.text)
    .text                                    0x000003a4   Section       74  sys_stackheap_outer.o(.text)
    .text                                    0x000003ee   Section        0  exit.o(.text)
    .text                                    0x000003fc   Section        8  libspace.o(.text)
    .text                                    0x00000404   Section        0  sys_exit.o(.text)
    .text                                    0x00000410   Section        2  use_no_semi.o(.text)
    .text                                    0x00000412   Section        0  indicate_semi.o(.text)
    i.ADC1_In                                0x00000414   Section        0  texas.o(i.ADC1_In)
    i.ADC1_Init                              0x00000420   Section        0  texas.o(i.ADC1_Init)
    i.Delay100ms                             0x000004f4   Section        0  userinterface.o(i.Delay100ms)
    i.MSScene                                0x00000518   Section        0  userinterface.o(i.MSScene)
    i.Nokia5110_Clear                        0x00000590   Section        0  nokia5110.o(i.Nokia5110_Clear)
    i.Nokia5110_ClearBuffer                  0x000005b0   Section        0  nokia5110.o(i.Nokia5110_ClearBuffer)
    i.Nokia5110_DisplayBuffer                0x000005c8   Section        0  nokia5110.o(i.Nokia5110_DisplayBuffer)
    i.Nokia5110_DrawFullImage                0x000005d8   Section        0  nokia5110.o(i.Nokia5110_DrawFullImage)
    i.Nokia5110_Init                         0x000005fc   Section        0  nokia5110.o(i.Nokia5110_Init)
    i.Nokia5110_OutChar                      0x00000768   Section        0  nokia5110.o(i.Nokia5110_OutChar)
    i.Nokia5110_OutString                    0x000007a0   Section        0  nokia5110.o(i.Nokia5110_OutString)
    i.Nokia5110_PrintBMP                     0x000007b8   Section        0  nokia5110.o(i.Nokia5110_PrintBMP)
    i.Nokia5110_SetCursor                    0x00000960   Section        0  nokia5110.o(i.Nokia5110_SetCursor)
    i.NokiaInit                              0x00000990   Section        0  userinterface.o(i.NokiaInit)
    i.PLL_Init                               0x000009a0   Section        0  texas.o(i.PLL_Init)
    i.SetCode                                0x00000a1c   Section        0  texas.o(i.SetCode)
    i.SetCourse                              0x00000a34   Section        0  texas.o(i.SetCourse)
    i.TExaS_Init                             0x00000a4c   Section        0  texas.o(i.TExaS_Init)
    i.Timer4A_Handler                        0x00000c10   Section        0  texas.o(i.Timer4A_Handler)
    i.Timer5A_Handler                        0x00000c30   Section        0  texas.o(i.Timer5A_Handler)
    i.UART0_Init                             0x00000c60   Section        0  texas.o(i.UART0_Init)
    i.UARTInit                               0x00000d20   Section        0  uarthandler.o(i.UARTInit)
    i.addSeed                                0x00000db8   Section        0  connectfour.o(i.addSeed)
    i.bestMoveP1                             0x00000de0   Section        0  connectfour.o(i.bestMoveP1)
    i.bestMoveP2                             0x00000e3c   Section        0  connectfour.o(i.bestMoveP2)
    i.bestPosition                           0x00000e98   Section        0  connectfour.o(i.bestPosition)
    i.checkGameState                         0x00000eac   Section        0  connectfour.o(i.checkGameState)
    i.connectingScene                        0x00000ed4   Section        0  userinterface.o(i.connectingScene)
    i.displaySlaveSeed                       0x00000f10   Section        0  userinterface.o(i.displaySlaveSeed)
    i.drawEmptyGrid                          0x00000f54   Section        0  userinterface.o(i.drawEmptyGrid)
    i.drawSeed                               0x00000fcc   Section        0  userinterface.o(i.drawSeed)
    i.evaluate                               0x00001064   Section        0  connectfour.o(i.evaluate)
    i.getInputKey                            0x000012b0   Section        0  inputhandler.o(i.getInputKey)
    i.heightOf                               0x00001344   Section        0  connectfour.o(i.heightOf)
    i.initializeBoard                        0x00001354   Section        0  connectfour.o(i.initializeBoard)
    i.isMovesLeft                            0x00001384   Section        0  connectfour.o(i.isMovesLeft)
    i.keyPadInit                             0x000013a4   Section        0  inputhandler.o(i.keyPadInit)
    i.lcdwrite                               0x0000142c   Section        0  nokia5110.o(i.lcdwrite)
    lcdwrite                                 0x0000142d   Thumb Code    66  nokia5110.o(i.lcdwrite)
    i.main                                   0x00001478   Section        0  connectfourmain.o(i.main)
    i.max                                    0x0000191c   Section        0  connectfour.o(i.max)
    i.min                                    0x0000192a   Section        0  connectfour.o(i.min)
    i.minimax                                0x00001938   Section        0  connectfour.o(i.minimax)
    i.portFInit                              0x00001a98   Section        0  portfdriver.o(i.portFInit)
    i.readValidKey                           0x00001b10   Section        0  connectfourmain.o(i.readValidKey)
    i.receive                                0x00001b38   Section        0  uarthandler.o(i.receive)
    i.removeSeed                             0x00001b50   Section        0  connectfour.o(i.removeSeed)
    i.selectModeScene                        0x00001b78   Section        0  userinterface.o(i.selectModeScene)
    i.selectSeedScene                        0x00001bd8   Section        0  userinterface.o(i.selectSeedScene)
    i.send                                   0x00001c60   Section        0  uarthandler.o(i.send)
    i.sendAndWaitConfirmation                0x00001c78   Section        0  connectfourmain.o(i.sendAndWaitConfirmation)
    i.stateScene                             0x00001c9c   Section        0  userinterface.o(i.stateScene)
    i.validColumn                            0x00001d08   Section        0  connectfourmain.o(i.validColumn)
    i.welcomeScene                           0x00001d2c   Section        0  userinterface.o(i.welcomeScene)
    .constdata                               0x00001d4c   Section      480  nokia5110.o(.constdata)
    ASCII                                    0x00001d4c   Data         480  nokia5110.o(.constdata)
    .constdata                               0x00001f2c   Section      360  texas.o(.constdata)
    .constdata                               0x00002094   Section       16  inputhandler.o(.constdata)
    .constdata                               0x000020a4   Section     2080  userinterface.o(.constdata)
    ASCII                                    0x000020a4   Data         480  userinterface.o(.constdata)
    .data                                    0x20000000   Section       12  connectfourmain.o(.data)
    .data                                    0x2000000c   Section       52  texas.o(.data)
    .data                                    0x20000040   Section       32  userinterface.o(.data)
    .data                                    0x20000060   Section       10  connectfour.o(.data)
    .bss                                     0x2000006c   Section      504  nokia5110.o(.bss)
    .bss                                     0x20000268   Section       56  texas.o(.bss)
    .bss                                     0x200002a0   Section       72  connectfour.o(.bss)
    .bss                                     0x200002e8   Section       96  libspace.o(.bss)
    HEAP                                     0x20000348   Section        0  startup.o(HEAP)
    STACK                                    0x20000348   Section     1024  startup.o(STACK)
    HeapMem                                  0x20000348   Data           0  startup.o(HEAP)
    StackMem                                 0x20000348   Data           0  startup.o(STACK)

    Global Symbols

    Symbol Name                              Value     Ov Type        Size  Object(Section)

    BuildAttributes$$THM_ISAv4$E$P$D$K$B$S$7EM$PE$A:L22UL41UL21$X:L11$S22US41US21$IEEE1$IW$USESV6$~STKCKD$USESV7$~SHL$OSPACE$ROPI$EBA8$UX$STANDARDLIB$REQ8$PRES8$EABIv2 0x00000000   Number         0  anon$$obj.o ABSOLUTE
    __ARM_use_no_argv                        0x00000000   Number         0  connectfourmain.o ABSOLUTE
    __Vectors                                0x00000000   Data           0  startup.o(RESET)
    __ARM_exceptions_init                     - Undefined Weak Reference
    __alloca_initialize                       - Undefined Weak Reference
    __cpp_initialize__aeabi_                  - Undefined Weak Reference
    __cxa_finalize                            - Undefined Weak Reference
    __rt_locale                               - Undefined Weak Reference
    __sigvec_lookup                           - Undefined Weak Reference
    _atexit_init                              - Undefined Weak Reference
    _call_atexit_fns                          - Undefined Weak Reference
    _clock_init                               - Undefined Weak Reference
    _fp_trap_init                             - Undefined Weak Reference
    _fp_trap_shutdown                         - Undefined Weak Reference
    _get_lc_collate                           - Undefined Weak Reference
    _get_lc_ctype                             - Undefined Weak Reference
    _get_lc_monetary                          - Undefined Weak Reference
    _get_lc_numeric                           - Undefined Weak Reference
    _get_lc_time                              - Undefined Weak Reference
    _getenv_init                              - Undefined Weak Reference
    _handle_redirection                       - Undefined Weak Reference
    _init_alloc                               - Undefined Weak Reference
    _init_user_alloc                          - Undefined Weak Reference
    _initio                                   - Undefined Weak Reference
    _rand_init                                - Undefined Weak Reference
    _signal_finish                            - Undefined Weak Reference
    _signal_init                              - Undefined Weak Reference
    _terminate_alloc                          - Undefined Weak Reference
    _terminate_user_alloc                     - Undefined Weak Reference
    _terminateio                              - Undefined Weak Reference
    Reset_Handler                            0x0000026d   Thumb Code     0  startup.o(RESET)
    NMI_Handler                              0x00000271   Thumb Code     2  startup.o(RESET)
    HardFault_Handler                        0x00000273   Thumb Code     2  startup.o(RESET)
    MemManage_Handler                        0x00000275   Thumb Code     2  startup.o(RESET)
    BusFault_Handler                         0x00000277   Thumb Code     2  startup.o(RESET)
    UsageFault_Handler                       0x00000279   Thumb Code     2  startup.o(RESET)
    SVC_Handler                              0x0000027b   Thumb Code     2  startup.o(RESET)
    DebugMon_Handler                         0x0000027d   Thumb Code     2  startup.o(RESET)
    PendSV_Handler                           0x0000027f   Thumb Code     2  startup.o(RESET)
    SysTick_Handler                          0x00000281   Thumb Code     2  startup.o(RESET)
    ADC0Seq0_Handler                         0x00000283   Thumb Code     0  startup.o(RESET)
    ADC0Seq1_Handler                         0x00000283   Thumb Code     0  startup.o(RESET)
    ADC0Seq2_Handler                         0x00000283   Thumb Code     0  startup.o(RESET)
    ADC0Seq3_Handler                         0x00000283   Thumb Code     0  startup.o(RESET)
    ADC1Seq0_Handler                         0x00000283   Thumb Code     0  startup.o(RESET)
    ADC1Seq1_Handler                         0x00000283   Thumb Code     0  startup.o(RESET)
    ADC1Seq2_Handler                         0x00000283   Thumb Code     0  startup.o(RESET)
    ADC1Seq3_Handler                         0x00000283   Thumb Code     0  startup.o(RESET)
    CAN0_Handler                             0x00000283   Thumb Code     0  startup.o(RESET)
    CAN1_Handler                             0x00000283   Thumb Code     0  startup.o(RESET)
    CAN2_Handler                             0x00000283   Thumb Code     0  startup.o(RESET)
    Comp0_Handler                            0x00000283   Thumb Code     0  startup.o(RESET)
    Comp1_Handler                            0x00000283   Thumb Code     0  startup.o(RESET)
    Comp2_Handler                            0x00000283   Thumb Code     0  startup.o(RESET)
    Ethernet_Handler                         0x00000283   Thumb Code     0  startup.o(RESET)
    ExtBus_Handler                           0x00000283   Thumb Code     0  startup.o(RESET)
    FPU_Handler                              0x00000283   Thumb Code     0  startup.o(RESET)
    Fan0_Handler                             0x00000283   Thumb Code     0  startup.o(RESET)
    FlashCtl_Handler                         0x00000283   Thumb Code     0  startup.o(RESET)
    GPIOPortA_Handler                        0x00000283   Thumb Code     0  startup.o(RESET)
    GPIOPortB_Handler                        0x00000283   Thumb Code     0  startup.o(RESET)
    GPIOPortC_Handler                        0x00000283   Thumb Code     0  startup.o(RESET)
    GPIOPortD_Handler                        0x00000283   Thumb Code     0  startup.o(RESET)
    GPIOPortE_Handler                        0x00000283   Thumb Code     0  startup.o(RESET)
    GPIOPortF_Handler                        0x00000283   Thumb Code     0  startup.o(RESET)
    GPIOPortG_Handler                        0x00000283   Thumb Code     0  startup.o(RESET)
    GPIOPortH_Handler                        0x00000283   Thumb Code     0  startup.o(RESET)
    GPIOPortJ_Handler                        0x00000283   Thumb Code     0  startup.o(RESET)
    GPIOPortK_Handler                        0x00000283   Thumb Code     0  startup.o(RESET)
    GPIOPortL_Handler                        0x00000283   Thumb Code     0  startup.o(RESET)
    GPIOPortM_Handler                        0x00000283   Thumb Code     0  startup.o(RESET)
    GPIOPortN_Handler                        0x00000283   Thumb Code     0  startup.o(RESET)
    GPIOPortP1_Handler                       0x00000283   Thumb Code     0  startup.o(RESET)
    GPIOPortP2_Handler                       0x00000283   Thumb Code     0  startup.o(RESET)
    GPIOPortP3_Handler                       0x00000283   Thumb Code     0  startup.o(RESET)
    GPIOPortP4_Handler                       0x00000283   Thumb Code     0  startup.o(RESET)
    GPIOPortP5_Handler                       0x00000283   Thumb Code     0  startup.o(RESET)
    GPIOPortP6_Handler                       0x00000283   Thumb Code     0  startup.o(RESET)
    GPIOPortP7_Handler                       0x00000283   Thumb Code     0  startup.o(RESET)
    GPIOPortP_Handler                        0x00000283   Thumb Code     0  startup.o(RESET)
    GPIOPortQ1_Handler                       0x00000283   Thumb Code     0  startup.o(RESET)
    GPIOPortQ2_Handler                       0x00000283   Thumb Code     0  startup.o(RESET)
    GPIOPortQ3_Handler                       0x00000283   Thumb Code     0  startup.o(RESET)
    GPIOPortQ4_Handler                       0x00000283   Thumb Code     0  startup.o(RESET)
    GPIOPortQ5_Handler                       0x00000283   Thumb Code     0  startup.o(RESET)
    GPIOPortQ6_Handler                       0x00000283   Thumb Code     0  startup.o(RESET)
    GPIOPortQ7_Handler                       0x00000283   Thumb Code     0  startup.o(RESET)
    GPIOPortQ_Handler                        0x00000283   Thumb Code     0  startup.o(RESET)
    GPIOPortR_Handler                        0x00000283   Thumb Code     0  startup.o(RESET)
    GPIOPortS_Handler                        0x00000283   Thumb Code     0  startup.o(RESET)
    Hibernate_Handler                        0x00000283   Thumb Code     0  startup.o(RESET)
    I2C0_Handler                             0x00000283   Thumb Code     0  startup.o(RESET)
    I2C1_Handler                             0x00000283   Thumb Code     0  startup.o(RESET)
    I2C2_Handler                             0x00000283   Thumb Code     0  startup.o(RESET)
    I2C3_Handler                             0x00000283   Thumb Code     0  startup.o(RESET)
    I2C4_Handler                             0x00000283   Thumb Code     0  startup.o(RESET)
    I2C5_Handler                             0x00000283   Thumb Code     0  startup.o(RESET)
    I2S0_Handler                             0x00000283   Thumb Code     0  startup.o(RESET)
    LPC0_Handler                             0x00000283   Thumb Code     0  startup.o(RESET)
    PECI0_Handler                            0x00000283   Thumb Code     0  startup.o(RESET)
    PWM0Fault_Handler                        0x00000283   Thumb Code     0  startup.o(RESET)
    PWM0Generator0_Handler                   0x00000283   Thumb Code     0  startup.o(RESET)
    PWM0Generator1_Handler                   0x00000283   Thumb Code     0  startup.o(RESET)
    PWM0Generator2_Handler                   0x00000283   Thumb Code     0  startup.o(RESET)
    PWM0Generator3_Handler                   0x00000283   Thumb Code     0  startup.o(RESET)
    PWM1Fault_Handler                        0x00000283   Thumb Code     0  startup.o(RESET)
    PWM1Generator0_Handler                   0x00000283   Thumb Code     0  startup.o(RESET)
    PWM1Generator1_Handler                   0x00000283   Thumb Code     0  startup.o(RESET)
    PWM1Generator2_Handler                   0x00000283   Thumb Code     0  startup.o(RESET)
    PWM1Generator3_Handler                   0x00000283   Thumb Code     0  startup.o(RESET)
    Quadrature0_Handler                      0x00000283   Thumb Code     0  startup.o(RESET)
    Quadrature1_Handler                      0x00000283   Thumb Code     0  startup.o(RESET)
    Quadrature2_Handler                      0x00000283   Thumb Code     0  startup.o(RESET)
    SSI0_Handler                             0x00000283   Thumb Code     0  startup.o(RESET)
    SSI1_Handler                             0x00000283   Thumb Code     0  startup.o(RESET)
    SSI2_Handler                             0x00000283   Thumb Code     0  startup.o(RESET)
    SSI3_Handler                             0x00000283   Thumb Code     0  startup.o(RESET)
    SysCtl_Handler                           0x00000283   Thumb Code     0  startup.o(RESET)
    Timer0A_Handler                          0x00000283   Thumb Code     0  startup.o(RESET)
    Timer0B_Handler                          0x00000283   Thumb Code     0  startup.o(RESET)
    Timer1A_Handler                          0x00000283   Thumb Code     0  startup.o(RESET)
    Timer1B_Handler                          0x00000283   Thumb Code     0  startup.o(RESET)
    Timer2A_Handler                          0x00000283   Thumb Code     0  startup.o(RESET)
    Timer2B_Handler                          0x00000283   Thumb Code     0  startup.o(RESET)
    Timer3A_Handler                          0x00000283   Thumb Code     0  startup.o(RESET)
    Timer3B_Handler                          0x00000283   Thumb Code     0  startup.o(RESET)
    Timer4B_Handler                          0x00000283   Thumb Code     0  startup.o(RESET)
    Timer5B_Handler                          0x00000283   Thumb Code     0  startup.o(RESET)
    UART0_Handler                            0x00000283   Thumb Code     0  startup.o(RESET)
    UART1_Handler                            0x00000283   Thumb Code     0  startup.o(RESET)
    UART2_Handler                            0x00000283   Thumb Code     0  startup.o(RESET)
    UART3_Handler                            0x00000283   Thumb Code     0  startup.o(RESET)
    UART4_Handler                            0x00000283   Thumb Code     0  startup.o(RESET)
    UART5_Handler                            0x00000283   Thumb Code     0  startup.o(RESET)
    UART6_Handler                            0x00000283   Thumb Code     0  startup.o(RESET)
    UART7_Handler                            0x00000283   Thumb Code     0  startup.o(RESET)
    USB0_Handler                             0x00000283   Thumb Code     0  startup.o(RESET)
    WDT_Handler                              0x00000283   Thumb Code     0  startup.o(RESET)
    WideTimer0A_Handler                      0x00000283   Thumb Code     0  startup.o(RESET)
    WideTimer0B_Handler                      0x00000283   Thumb Code     0  startup.o(RESET)
    WideTimer1A_Handler                      0x00000283   Thumb Code     0  startup.o(RESET)
    WideTimer1B_Handler                      0x00000283   Thumb Code     0  startup.o(RESET)
    WideTimer2A_Handler                      0x00000283   Thumb Code     0  startup.o(RESET)
    WideTimer2B_Handler                      0x00000283   Thumb Code     0  startup.o(RESET)
    WideTimer3A_Handler                      0x00000283   Thumb Code     0  startup.o(RESET)
    WideTimer3B_Handler                      0x00000283   Thumb Code     0  startup.o(RESET)
    WideTimer4A_Handler                      0x00000283   Thumb Code     0  startup.o(RESET)
    WideTimer4B_Handler                      0x00000283   Thumb Code     0  startup.o(RESET)
    WideTimer5A_Handler                      0x00000283   Thumb Code     0  startup.o(RESET)
    WideTimer5B_Handler                      0x00000283   Thumb Code     0  startup.o(RESET)
    uDMA_Error                               0x00000283   Thumb Code     0  startup.o(RESET)
    uDMA_Handler                             0x00000283   Thumb Code     0  startup.o(RESET)
    __main                                   0x00000285   Thumb Code     8  __main.o(!!!main)
    __scatterload                            0x0000028d   Thumb Code     0  __scatter.o(!!!scatter)
    __scatterload_rt2                        0x0000028d   Thumb Code    44  __scatter.o(!!!scatter)
    __scatterload_rt2_thumb_only             0x0000028d   Thumb Code     0  __scatter.o(!!!scatter)
    __scatterload_null                       0x0000029b   Thumb Code     0  __scatter.o(!!!scatter)
    __scatterload_copy                       0x000002c1   Thumb Code    26  __scatter_copy.o(!!handler_copy)
    __scatterload_zeroinit                   0x000002dd   Thumb Code    28  __scatter_zi.o(!!handler_zi)
    __rt_lib_init                            0x000002f9   Thumb Code     0  libinit.o(.ARM.Collect$$libinit$$00000000)
    __rt_lib_init_alloca_1                   0x000002fb   Thumb Code     0  libinit2.o(.ARM.Collect$$libinit$$0000002C)
    __rt_lib_init_argv_1                     0x000002fb   Thumb Code     0  libinit2.o(.ARM.Collect$$libinit$$0000002A)
    __rt_lib_init_atexit_1                   0x000002fb   Thumb Code     0  libinit2.o(.ARM.Collect$$libinit$$00000019)
    __rt_lib_init_clock_1                    0x000002fb   Thumb Code     0  libinit2.o(.ARM.Collect$$libinit$$0000001F)
    __rt_lib_init_cpp_1                      0x000002fb   Thumb Code     0  libinit2.o(.ARM.Collect$$libinit$$00000030)
    __rt_lib_init_exceptions_1               0x000002fb   Thumb Code     0  libinit2.o(.ARM.Collect$$libinit$$0000002E)
    __rt_lib_init_fp_1                       0x000002fb   Thumb Code     0  libinit2.o(.ARM.Collect$$libinit$$00000002)
    __rt_lib_init_fp_trap_1                  0x000002fb   Thumb Code     0  libinit2.o(.ARM.Collect$$libinit$$0000001D)
    __rt_lib_init_getenv_1                   0x000002fb   Thumb Code     0  libinit2.o(.ARM.Collect$$libinit$$00000021)
    __rt_lib_init_heap_1                     0x000002fb   Thumb Code     0  libinit2.o(.ARM.Collect$$libinit$$00000008)
    __rt_lib_init_lc_collate_1               0x000002fb   Thumb Code     0  libinit2.o(.ARM.Collect$$libinit$$0000000F)
    __rt_lib_init_lc_ctype_1                 0x000002fb   Thumb Code     0  libinit2.o(.ARM.Collect$$libinit$$00000011)
    __rt_lib_init_lc_monetary_1              0x000002fb   Thumb Code     0  libinit2.o(.ARM.Collect$$libinit$$00000013)
    __rt_lib_init_lc_numeric_1               0x000002fb   Thumb Code     0  libinit2.o(.ARM.Collect$$libinit$$00000015)
    __rt_lib_init_lc_time_1                  0x000002fb   Thumb Code     0  libinit2.o(.ARM.Collect$$libinit$$00000017)
    __rt_lib_init_rand_1                     0x000002fb   Thumb Code     0  libinit2.o(.ARM.Collect$$libinit$$0000000C)
    __rt_lib_init_return                     0x000002fb   Thumb Code     0  libinit2.o(.ARM.Collect$$libinit$$00000031)
    __rt_lib_init_signal_1                   0x000002fb   Thumb Code     0  libinit2.o(.ARM.Collect$$libinit$$0000001B)
    __rt_lib_init_stdio_1                    0x000002fb   Thumb Code     0  libinit2.o(.ARM.Collect$$libinit$$00000023)
    __rt_lib_init_user_alloc_1               0x000002fb   Thumb Code     0  libinit2.o(.ARM.Collect$$libinit$$0000000A)
    __rt_lib_shutdown                        0x000002fd   Thumb Code     0  libshutdown.o(.ARM.Collect$$libshutdown$$00000000)
    __rt_lib_shutdown_fp_trap_1              0x000002ff   Thumb Code     0  libshutdown2.o(.ARM.Collect$$libshutdown$$00000006)
    __rt_lib_shutdown_heap_1                 0x000002ff   Thumb Code     0  libshutdown2.o(.ARM.Collect$$libshutdown$$0000000E)
    __rt_lib_shutdown_return                 0x000002ff   Thumb Code     0  libshutdown2.o(.ARM.Collect$$libshutdown$$0000000F)
    __rt_lib_shutdown_signal_1               0x000002ff   Thumb Code     0  libshutdown2.o(.ARM.Collect$$libshutdown$$00000009)
    __rt_lib_shutdown_stdio_1                0x000002ff   Thumb Code     0  libshutdown2.o(.ARM.Collect$$libshutdown$$00000003)
    __rt_lib_shutdown_user_alloc_1           0x000002ff   Thumb Code     0  libshutdown2.o(.ARM.Collect$$libshutdown$$0000000B)
    __rt_entry                               0x00000301   Thumb Code     0  rtentry.o(.ARM.Collect$$rtentry$$00000000)
    __rt_entry_presh_1                       0x00000301   Thumb Code     0  rtentry2.o(.ARM.Collect$$rtentry$$00000002)
    __rt_entry_sh                            0x00000301   Thumb Code     0  rtentry4.o(.ARM.Collect$$rtentry$$00000004)
    __rt_entry_li                            0x00000307   Thumb Code     0  rtentry2.o(.ARM.Collect$$rtentry$$0000000A)
    __rt_entry_postsh_1                      0x00000307   Thumb Code     0  rtentry2.o(.ARM.Collect$$rtentry$$00000009)
    __rt_entry_main                          0x0000030b   Thumb Code     0  rtentry2.o(.ARM.Collect$$rtentry$$0000000D)
    __rt_entry_postli_1                      0x0000030b   Thumb Code     0  rtentry2.o(.ARM.Collect$$rtentry$$0000000C)
    __rt_exit                                0x00000313   Thumb Code     0  rtexit.o(.ARM.Collect$$rtexit$$00000000)
    __rt_exit_ls                             0x00000315   Thumb Code     0  rtexit2.o(.ARM.Collect$$rtexit$$00000003)
    __rt_exit_prels_1                        0x00000315   Thumb Code     0  rtexit2.o(.ARM.Collect$$rtexit$$00000002)
    __rt_exit_exit                           0x00000319   Thumb Code     0  rtexit2.o(.ARM.Collect$$rtexit$$00000004)
    DisableInterrupts                        0x00000321   Thumb Code     0  startup.o(.text)
    EnableInterrupts                         0x00000325   Thumb Code     0  startup.o(.text)
    StartCritical                            0x00000329   Thumb Code     0  startup.o(.text)
    EndCritical                              0x00000331   Thumb Code     0  startup.o(.text)
    WaitForInterrupt                         0x00000337   Thumb Code     0  startup.o(.text)
    __user_initial_stackheap                 0x0000033b   Thumb Code     0  startup.o(.text)
    __aeabi_memclr4                          0x00000351   Thumb Code     0  rt_memclr_w.o(.text)
    __aeabi_memclr8                          0x00000351   Thumb Code     0  rt_memclr_w.o(.text)
    __rt_memclr_w                            0x00000351   Thumb Code    78  rt_memclr_w.o(.text)
    _memset_w                                0x00000355   Thumb Code     0  rt_memclr_w.o(.text)
    __use_two_region_memory                  0x0000039f   Thumb Code     2  heapauxi.o(.text)
    __rt_heap_escrow$2region                 0x000003a1   Thumb Code     2  heapauxi.o(.text)
    __rt_heap_expand$2region                 0x000003a3   Thumb Code     2  heapauxi.o(.text)
    __user_setup_stackheap                   0x000003a5   Thumb Code    74  sys_stackheap_outer.o(.text)
    exit                                     0x000003ef   Thumb Code    12  exit.o(.text)
    __user_libspace                          0x000003fd   Thumb Code     8  libspace.o(.text)
    __user_perproc_libspace                  0x000003fd   Thumb Code     0  libspace.o(.text)
    __user_perthread_libspace                0x000003fd   Thumb Code     0  libspace.o(.text)
    _sys_exit                                0x00000405   Thumb Code     8  sys_exit.o(.text)
    __I$use$semihosting                      0x00000411   Thumb Code     0  use_no_semi.o(.text)
    __use_no_semihosting_swi                 0x00000411   Thumb Code     2  use_no_semi.o(.text)
    __semihosting_library_function           0x00000413   Thumb Code     0  indicate_semi.o(.text)
    ADC1_In                                  0x00000415   Thumb Code     6  texas.o(i.ADC1_In)
    ADC1_Init                                0x00000421   Thumb Code   174  texas.o(i.ADC1_Init)
    Delay100ms                               0x000004f5   Thumb Code    30  userinterface.o(i.Delay100ms)
    MSScene                                  0x00000519   Thumb Code    82  userinterface.o(i.MSScene)
    Nokia5110_Clear                          0x00000591   Thumb Code    32  nokia5110.o(i.Nokia5110_Clear)
    Nokia5110_ClearBuffer                    0x000005b1   Thumb Code    20  nokia5110.o(i.Nokia5110_ClearBuffer)
    Nokia5110_DisplayBuffer                  0x000005c9   Thumb Code    10  nokia5110.o(i.Nokia5110_DisplayBuffer)
    Nokia5110_DrawFullImage                  0x000005d9   Thumb Code    34  nokia5110.o(i.Nokia5110_DrawFullImage)
    Nokia5110_Init                           0x000005fd   Thumb Code   316  nokia5110.o(i.Nokia5110_Init)
    Nokia5110_OutChar                        0x00000769   Thumb Code    52  nokia5110.o(i.Nokia5110_OutChar)
    Nokia5110_OutString                      0x000007a1   Thumb Code    22  nokia5110.o(i.Nokia5110_OutString)
    Nokia5110_PrintBMP                       0x000007b9   Thumb Code   420  nokia5110.o(i.Nokia5110_PrintBMP)
    Nokia5110_SetCursor                      0x00000961   Thumb Code    48  nokia5110.o(i.Nokia5110_SetCursor)
    NokiaInit                                0x00000991   Thumb Code    14  userinterface.o(i.NokiaInit)
    PLL_Init                                 0x000009a1   Thumb Code   118  texas.o(i.PLL_Init)
    SetCode                                  0x00000a1d   Thumb Code    20  texas.o(i.SetCode)
    SetCourse                                0x00000a35   Thumb Code    20  texas.o(i.SetCourse)
    TExaS_Init                               0x00000a4d   Thumb Code   324  texas.o(i.TExaS_Init)
    Timer4A_Handler                          0x00000c11   Thumb Code    20  texas.o(i.Timer4A_Handler)
    Timer5A_Handler                          0x00000c31   Thumb Code    34  texas.o(i.Timer5A_Handler)
    UART0_Init                               0x00000c61   Thumb Code   160  texas.o(i.UART0_Init)
    UARTInit                                 0x00000d21   Thumb Code   126  uarthandler.o(i.UARTInit)
    addSeed                                  0x00000db9   Thumb Code    32  connectfour.o(i.addSeed)
    bestMoveP1                               0x00000de1   Thumb Code    80  connectfour.o(i.bestMoveP1)
    bestMoveP2                               0x00000e3d   Thumb Code    78  connectfour.o(i.bestMoveP2)
    bestPosition                             0x00000e99   Thumb Code    20  connectfour.o(i.bestPosition)
    checkGameState                           0x00000ead   Thumb Code    40  connectfour.o(i.checkGameState)
    connectingScene                          0x00000ed5   Thumb Code    44  userinterface.o(i.connectingScene)
    displaySlaveSeed                         0x00000f11   Thumb Code    50  userinterface.o(i.displaySlaveSeed)
    drawEmptyGrid                            0x00000f55   Thumb Code    94  userinterface.o(i.drawEmptyGrid)
    drawSeed                                 0x00000fcd   Thumb Code   122  userinterface.o(i.drawSeed)
    evaluate                                 0x00001065   Thumb Code   574  connectfour.o(i.evaluate)
    getInputKey                              0x000012b1   Thumb Code   126  inputhandler.o(i.getInputKey)
    heightOf                                 0x00001345   Thumb Code    10  connectfour.o(i.heightOf)
    initializeBoard                          0x00001355   Thumb Code    32  connectfour.o(i.initializeBoard)
    isMovesLeft                              0x00001385   Thumb Code    28  connectfour.o(i.isMovesLeft)
    keyPadInit                               0x000013a5   Thumb Code   102  inputhandler.o(i.keyPadInit)
    main                                     0x00001479   Thumb Code  1172  connectfourmain.o(i.main)
    max                                      0x0000191d   Thumb Code    14  connectfour.o(i.max)
    min                                      0x0000192b   Thumb Code    14  connectfour.o(i.min)
    minimax                                  0x00001939   Thumb Code   330  connectfour.o(i.minimax)
    portFInit                                0x00001a99   Thumb Code    88  portfdriver.o(i.portFInit)
    readValidKey                             0x00001b11   Thumb Code    36  connectfourmain.o(i.readValidKey)
    receive                                  0x00001b39   Thumb Code    20  uarthandler.o(i.receive)
    removeSeed                               0x00001b51   Thumb Code    32  connectfour.o(i.removeSeed)
    selectModeScene                          0x00001b79   Thumb Code    68  userinterface.o(i.selectModeScene)
    selectSeedScene                          0x00001bd9   Thumb Code    92  userinterface.o(i.selectSeedScene)
    send                                     0x00001c61   Thumb Code    18  uarthandler.o(i.send)
    sendAndWaitConfirmation                  0x00001c79   Thumb Code    34  connectfourmain.o(i.sendAndWaitConfirmation)
    stateScene                               0x00001c9d   Thumb Code    84  userinterface.o(i.stateScene)
    validColumn                              0x00001d09   Thumb Code    36  connectfourmain.o(i.validColumn)
    welcomeScene                             0x00001d2d   Thumb Code    28  userinterface.o(i.welcomeScene)
    NoInputMsg                               0x00001f2c   Data          40  texas.o(.constdata)
    OutputPortMsg0                           0x00001f54   Data          40  texas.o(.constdata)
    OutputPortMsg1                           0x00001f7c   Data          40  texas.o(.constdata)
    OutputPortMsg2                           0x00001fa4   Data          40  texas.o(.constdata)
    OutputPortMsg3                           0x00001fcc   Data          40  texas.o(.constdata)
    BlankMsg                                 0x00001ff4   Data          40  texas.o(.constdata)
    InitializedMsg                           0x0000201c   Data          40  texas.o(.constdata)
    IntroMsg                                 0x00002044   Data          40  texas.o(.constdata)
    DoneMsg                                  0x0000206c   Data          40  texas.o(.constdata)
    Logo                                     0x00002284   Data        1099  userinterface.o(.constdata)
    Cell                                     0x000026cf   Data         199  userinterface.o(.constdata)
    X                                        0x00002796   Data         151  userinterface.o(.constdata)
    O                                        0x0000282d   Data         151  userinterface.o(.constdata)
    Region$$Table$$Base                      0x000028c4   Number         0  anon$$obj.o(Region$$Table)
    Region$$Table$$Limit                     0x000028e4   Number         0  anon$$obj.o(Region$$Table)
    mode                                     0x20000000   Data           4  connectfourmain.o(.data)
    nextColumn                               0x20000004   Data           4  connectfourmain.o(.data)
    playerSeed                               0x20000008   Data           1  connectfourmain.o(.data)
    tmpChar                                  0x20000009   Data           1  connectfourmain.o(.data)
    turn                                     0x2000000a   Data           1  connectfourmain.o(.data)
    state                                    0x2000000b   Data           1  connectfourmain.o(.data)
    TExaS_Period                             0x2000000c   Data           4  texas.o(.data)
    TExaS_Ports                              0x20000010   Data           8  texas.o(.data)
    Display                                  0x20000018   Data           1  texas.o(.data)
    TExaS_Meter                              0x2000001c   Data           4  texas.o(.data)
    ADCnum                                   0x20000020   Data           4  texas.o(.data)
    LastMode                                 0x20000024   Data           4  texas.o(.data)
    bFlag                                    0x20000028   Data           4  texas.o(.data)
    Count                                    0x2000002c   Data           4  texas.o(.data)
    DelayBetweenTests                        0x20000030   Data           4  texas.o(.data)
    TExaS_Test                               0x20000034   Data           4  texas.o(.data)
    ScopeMode                                0x20000038   Data           4  texas.o(.data)
    ScopeCount                               0x2000003c   Data           4  texas.o(.data)
    BoxLineWidth                             0x20000040   Data           4  userinterface.o(.data)
    BoardHeight                              0x20000044   Data           4  userinterface.o(.data)
    PaddingY                                 0x20000048   Data           4  userinterface.o(.data)
    BoxWidth                                 0x2000004c   Data           4  userinterface.o(.data)
    PaddingX                                 0x20000050   Data           4  userinterface.o(.data)
    PlayerTurn                               0x20000054   Data           4  userinterface.o(.data)
    PlayerSeed                               0x20000058   Data           1  userinterface.o(.data)
    PlayerRole                               0x2000005c   Data           4  userinterface.o(.data)
    player1                                  0x20000060   Data           1  connectfour.o(.data)
    player2                                  0x20000061   Data           1  connectfour.o(.data)
    INF                                      0x20000064   Data           4  connectfour.o(.data)
    currentState                             0x20000068   Data           1  connectfour.o(.data)
    currentTurn                              0x20000069   Data           1  connectfour.o(.data)
    Screen                                   0x2000006c   Data         504  nokia5110.o(.bss)
    TExaS                                    0x20000268   Data          56  texas.o(.bss)
    gameGrid                                 0x200002a0   Data          42  connectfour.o(.bss)
    columnHeight                             0x200002cc   Data          28  connectfour.o(.bss)
    __libspace_start                         0x200002e8   Data          96  libspace.o(.bss)
    __temporary_stack_top$libspace           0x20000348   Data           0  libspace.o(.bss)



==============================================================================

Memory Map of the image

  Image Entry point : 0x0000026d

  Load Region LR_1 (Base: 0x00000000, Size: 0x00002950, Max: 0xffffffff, ABSOLUTE)

    Execution Region ER_RO (Base: 0x00000000, Size: 0x000028e4, Max: 0xffffffff, ABSOLUTE)

    Base Addr    Size         Type   Attr      Idx    E Section Name        Object

    0x00000000   0x00000284   Code   RO            3  * RESET               startup.o
    0x00000284   0x00000008   Code   RO          672  * !!!main             c_w.l(__main.o)
    0x0000028c   0x00000034   Code   RO          826    !!!scatter          c_w.l(__scatter.o)
    0x000002c0   0x0000001a   Code   RO          828    !!handler_copy      c_w.l(__scatter_copy.o)
    0x000002da   0x00000002   PAD
    0x000002dc   0x0000001c   Code   RO          830    !!handler_zi        c_w.l(__scatter_zi.o)
    0x000002f8   0x00000002   Code   RO          699    .ARM.Collect$$libinit$$00000000  c_w.l(libinit.o)
    0x000002fa   0x00000000   Code   RO          706    .ARM.Collect$$libinit$$00000002  c_w.l(libinit2.o)
    0x000002fa   0x00000000   Code   RO          709    .ARM.Collect$$libinit$$00000008  c_w.l(libinit2.o)
    0x000002fa   0x00000000   Code   RO          711    .ARM.Collect$$libinit$$0000000A  c_w.l(libinit2.o)
    0x000002fa   0x00000000   Code   RO          713    .ARM.Collect$$libinit$$0000000C  c_w.l(libinit2.o)
    0x000002fa   0x00000000   Code   RO          716    .ARM.Collect$$libinit$$0000000F  c_w.l(libinit2.o)
    0x000002fa   0x00000000   Code   RO          718    .ARM.Collect$$libinit$$00000011  c_w.l(libinit2.o)
    0x000002fa   0x00000000   Code   RO          720    .ARM.Collect$$libinit$$00000013  c_w.l(libinit2.o)
    0x000002fa   0x00000000   Code   RO          722    .ARM.Collect$$libinit$$00000015  c_w.l(libinit2.o)
    0x000002fa   0x00000000   Code   RO          724    .ARM.Collect$$libinit$$00000017  c_w.l(libinit2.o)
    0x000002fa   0x00000000   Code   RO          726    .ARM.Collect$$libinit$$00000019  c_w.l(libinit2.o)
    0x000002fa   0x00000000   Code   RO          728    .ARM.Collect$$libinit$$0000001B  c_w.l(libinit2.o)
    0x000002fa   0x00000000   Code   RO          730    .ARM.Collect$$libinit$$0000001D  c_w.l(libinit2.o)
    0x000002fa   0x00000000   Code   RO          732    .ARM.Collect$$libinit$$0000001F  c_w.l(libinit2.o)
    0x000002fa   0x00000000   Code   RO          734    .ARM.Collect$$libinit$$00000021  c_w.l(libinit2.o)
    0x000002fa   0x00000000   Code   RO          736    .ARM.Collect$$libinit$$00000023  c_w.l(libinit2.o)
    0x000002fa   0x00000000   Code   RO          740    .ARM.Collect$$libinit$$0000002A  c_w.l(libinit2.o)
    0x000002fa   0x00000000   Code   RO          742    .ARM.Collect$$libinit$$0000002C  c_w.l(libinit2.o)
    0x000002fa   0x00000000   Code   RO          744    .ARM.Collect$$libinit$$0000002E  c_w.l(libinit2.o)
    0x000002fa   0x00000000   Code   RO          746    .ARM.Collect$$libinit$$00000030  c_w.l(libinit2.o)
    0x000002fa   0x00000002   Code   RO          747    .ARM.Collect$$libinit$$00000031  c_w.l(libinit2.o)
    0x000002fc   0x00000002   Code   RO          767    .ARM.Collect$$libshutdown$$00000000  c_w.l(libshutdown.o)
    0x000002fe   0x00000000   Code   RO          781    .ARM.Collect$$libshutdown$$00000003  c_w.l(libshutdown2.o)
    0x000002fe   0x00000000   Code   RO          784    .ARM.Collect$$libshutdown$$00000006  c_w.l(libshutdown2.o)
    0x000002fe   0x00000000   Code   RO          787    .ARM.Collect$$libshutdown$$00000009  c_w.l(libshutdown2.o)
    0x000002fe   0x00000000   Code   RO          789    .ARM.Collect$$libshutdown$$0000000B  c_w.l(libshutdown2.o)
    0x000002fe   0x00000000   Code   RO          792    .ARM.Collect$$libshutdown$$0000000E  c_w.l(libshutdown2.o)
    0x000002fe   0x00000002   Code   RO          793    .ARM.Collect$$libshutdown$$0000000F  c_w.l(libshutdown2.o)
    0x00000300   0x00000000   Code   RO          674    .ARM.Collect$$rtentry$$00000000  c_w.l(rtentry.o)
    0x00000300   0x00000000   Code   RO          676    .ARM.Collect$$rtentry$$00000002  c_w.l(rtentry2.o)
    0x00000300   0x00000006   Code   RO          688    .ARM.Collect$$rtentry$$00000004  c_w.l(rtentry4.o)
    0x00000306   0x00000000   Code   RO          678    .ARM.Collect$$rtentry$$00000009  c_w.l(rtentry2.o)
    0x00000306   0x00000004   Code   RO          679    .ARM.Collect$$rtentry$$0000000A  c_w.l(rtentry2.o)
    0x0000030a   0x00000000   Code   RO          681    .ARM.Collect$$rtentry$$0000000C  c_w.l(rtentry2.o)
    0x0000030a   0x00000008   Code   RO          682    .ARM.Collect$$rtentry$$0000000D  c_w.l(rtentry2.o)
    0x00000312   0x00000002   Code   RO          703    .ARM.Collect$$rtexit$$00000000  c_w.l(rtexit.o)
    0x00000314   0x00000000   Code   RO          749    .ARM.Collect$$rtexit$$00000002  c_w.l(rtexit2.o)
    0x00000314   0x00000004   Code   RO          750    .ARM.Collect$$rtexit$$00000003  c_w.l(rtexit2.o)
    0x00000318   0x00000006   Code   RO          751    .ARM.Collect$$rtexit$$00000004  c_w.l(rtexit2.o)
    0x0000031e   0x00000002   PAD
    0x00000320   0x00000030   Code   RO            4    .text               startup.o
    0x00000350   0x0000004e   Code   RO          668    .text               c_w.l(rt_memclr_w.o)
    0x0000039e   0x00000006   Code   RO          670    .text               c_w.l(heapauxi.o)
    0x000003a4   0x0000004a   Code   RO          690    .text               c_w.l(sys_stackheap_outer.o)
    0x000003ee   0x0000000c   Code   RO          692    .text               c_w.l(exit.o)
    0x000003fa   0x00000002   PAD
    0x000003fc   0x00000008   Code   RO          700    .text               c_w.l(libspace.o)
    0x00000404   0x0000000c   Code   RO          759    .text               c_w.l(sys_exit.o)
    0x00000410   0x00000002   Code   RO          770    .text               c_w.l(use_no_semi.o)
    0x00000412   0x00000000   Code   RO          772    .text               c_w.l(indicate_semi.o)
    0x00000412   0x00000002   PAD
    0x00000414   0x0000000c   Code   RO          144    i.ADC1_In           texas.o
    0x00000420   0x000000d4   Code   RO          145    i.ADC1_Init         texas.o
    0x000004f4   0x00000024   Code   RO          306    i.Delay100ms        userinterface.o
    0x00000518   0x00000078   Code   RO          307    i.MSScene           userinterface.o
    0x00000590   0x00000020   Code   RO           12    i.Nokia5110_Clear   nokia5110.o
    0x000005b0   0x00000018   Code   RO           13    i.Nokia5110_ClearBuffer  nokia5110.o
    0x000005c8   0x00000010   Code   RO           14    i.Nokia5110_DisplayBuffer  nokia5110.o
    0x000005d8   0x00000022   Code   RO           15    i.Nokia5110_DrawFullImage  nokia5110.o
    0x000005fa   0x00000002   PAD
    0x000005fc   0x0000016c   Code   RO           16    i.Nokia5110_Init    nokia5110.o
    0x00000768   0x00000038   Code   RO           17    i.Nokia5110_OutChar  nokia5110.o
    0x000007a0   0x00000016   Code   RO           18    i.Nokia5110_OutString  nokia5110.o
    0x000007b6   0x00000002   PAD
    0x000007b8   0x000001a8   Code   RO           20    i.Nokia5110_PrintBMP  nokia5110.o
    0x00000960   0x00000030   Code   RO           21    i.Nokia5110_SetCursor  nokia5110.o
    0x00000990   0x0000000e   Code   RO          308    i.NokiaInit         userinterface.o
    0x0000099e   0x00000002   PAD
    0x000009a0   0x0000007c   Code   RO          146    i.PLL_Init          texas.o
    0x00000a1c   0x00000018   Code   RO          147    i.SetCode           texas.o
    0x00000a34   0x00000018   Code   RO          148    i.SetCourse         texas.o
    0x00000a4c   0x000001c4   Code   RO          152    i.TExaS_Init        texas.o
    0x00000c10   0x00000020   Code   RO          154    i.Timer4A_Handler   texas.o
    0x00000c30   0x00000030   Code   RO          155    i.Timer5A_Handler   texas.o
    0x00000c60   0x000000c0   Code   RO          158    i.UART0_Init        texas.o
    0x00000d20   0x00000098   Code   RO          282    i.UARTInit          uarthandler.o
    0x00000db8   0x00000028   Code   RO          388    i.addSeed           connectfour.o
    0x00000de0   0x0000005c   Code   RO          389    i.bestMoveP1        connectfour.o
    0x00000e3c   0x0000005c   Code   RO          390    i.bestMoveP2        connectfour.o
    0x00000e98   0x00000014   Code   RO          391    i.bestPosition      connectfour.o
    0x00000eac   0x00000028   Code   RO          392    i.checkGameState    connectfour.o
    0x00000ed4   0x0000003c   Code   RO          309    i.connectingScene   userinterface.o
    0x00000f10   0x00000044   Code   RO          310    i.displaySlaveSeed  userinterface.o
    0x00000f54   0x00000078   Code   RO          311    i.drawEmptyGrid     userinterface.o
    0x00000fcc   0x00000098   Code   RO          312    i.drawSeed          userinterface.o
    0x00001064   0x0000024c   Code   RO          393    i.evaluate          connectfour.o
    0x000012b0   0x00000094   Code   RO          263    i.getInputKey       inputhandler.o
    0x00001344   0x00000010   Code   RO          394    i.heightOf          connectfour.o
    0x00001354   0x00000030   Code   RO          395    i.initializeBoard   connectfour.o
    0x00001384   0x00000020   Code   RO          396    i.isMovesLeft       connectfour.o
    0x000013a4   0x00000088   Code   RO          264    i.keyPadInit        inputhandler.o
    0x0000142c   0x0000004c   Code   RO           22    i.lcdwrite          nokia5110.o
    0x00001478   0x000004a4   Code   RO           91    i.main              connectfourmain.o
    0x0000191c   0x0000000e   Code   RO          397    i.max               connectfour.o
    0x0000192a   0x0000000e   Code   RO          398    i.min               connectfour.o
    0x00001938   0x00000160   Code   RO          399    i.minimax           connectfour.o
    0x00001a98   0x00000078   Code   RO          505    i.portFInit         portfdriver.o
    0x00001b10   0x00000028   Code   RO           92    i.readValidKey      connectfourmain.o
    0x00001b38   0x00000018   Code   RO          283    i.receive           uarthandler.o
    0x00001b50   0x00000028   Code   RO          400    i.removeSeed        connectfour.o
    0x00001b78   0x00000060   Code   RO          313    i.selectModeScene   userinterface.o
    0x00001bd8   0x00000088   Code   RO          314    i.selectSeedScene   userinterface.o
    0x00001c60   0x00000018   Code   RO          284    i.send              uarthandler.o
    0x00001c78   0x00000022   Code   RO           93    i.sendAndWaitConfirmation  connectfourmain.o
    0x00001c9a   0x00000002   PAD
    0x00001c9c   0x0000006c   Code   RO          315    i.stateScene        userinterface.o
    0x00001d08   0x00000024   Code   RO           94    i.validColumn       connectfourmain.o
    0x00001d2c   0x00000020   Code   RO          317    i.welcomeScene      userinterface.o
    0x00001d4c   0x000001e0   Data   RO           24    .constdata          nokia5110.o
    0x00001f2c   0x00000168   Data   RO          163    .constdata          texas.o
    0x00002094   0x00000010   Data   RO          265    .constdata          inputhandler.o
    0x000020a4   0x00000820   Data   RO          318    .constdata          userinterface.o
    0x000028c4   0x00000020   Data   RO          824    Region$$Table       anon$$obj.o


    Execution Region ER_RW (Base: 0x20000000, Size: 0x0000006c, Max: 0xffffffff, ABSOLUTE)

    Base Addr    Size         Type   Attr      Idx    E Section Name        Object

    0x20000000   0x0000000c   Data   RW           96    .data               connectfourmain.o
    0x2000000c   0x00000034   Data   RW          164    .data               texas.o
    0x20000040   0x00000020   Data   RW          319    .data               userinterface.o
    0x20000060   0x0000000a   Data   RW          402    .data               connectfour.o


    Execution Region ER_ZI (Base: 0x2000006c, Size: 0x000006dc, Max: 0xffffffff, ABSOLUTE)

    Base Addr    Size         Type   Attr      Idx    E Section Name        Object

    0x2000006c   0x000001f8   Zero   RW           23    .bss                nokia5110.o
    0x20000264   0x00000004   PAD
    0x20000268   0x00000038   Zero   RW          162    .bss                texas.o
    0x200002a0   0x00000048   Zero   RW          401    .bss                connectfour.o
    0x200002e8   0x00000060   Zero   RW          701    .bss                c_w.l(libspace.o)
    0x20000348   0x00000000   Zero   RW            2    HEAP                startup.o
    0x20000348   0x00000400   Zero   RW            1    STACK               startup.o


==============================================================================

Image component sizes


      Code (inc. data)   RO Data    RW Data    ZI Data      Debug   Object Name

      1388        104          0         10         72       7442   connectfour.o
      1298         46          0         12          0       3478   connectfourmain.o
       284         56         16          0          0       1067   inputhandler.o
      1096         76        480          0        504       8797   nokia5110.o
       120         32          0          0          0        448   portfdriver.o
       692        632          0          0       1024        908   startup.o
      1120        244        360         52         56      15624   texas.o
       200         36          0          0          0       1196   uarthandler.o
       942        234       2080         32          0       6324   userinterface.o

    ----------------------------------------------------------------------
      7148       1460       2968        108       1660      45284   Object Totals
         0          0         32          0          0          0   (incl. Generated)
         8          0          0          2          4          0   (incl. Padding)

    ----------------------------------------------------------------------

      Code (inc. data)   RO Data    RW Data    ZI Data      Debug   Library Member Name

         8          0          0          0          0         68   __main.o
        52          8          0          0          0          0   __scatter.o
        26          0          0          0          0          0   __scatter_copy.o
        28          0          0          0          0          0   __scatter_zi.o
        12          0          0          0          0         72   exit.o
         6          0          0          0          0        152   heapauxi.o
         0          0          0          0          0          0   indicate_semi.o
         2          0          0          0          0          0   libinit.o
         2          0          0          0          0          0   libinit2.o
         2          0          0          0          0          0   libshutdown.o
         2          0          0          0          0          0   libshutdown2.o
         8          4          0          0         96         68   libspace.o
        78          0          0          0          0         80   rt_memclr_w.o
         0          0          0          0          0          0   rtentry.o
        12          0          0          0          0          0   rtentry2.o
         6          0          0          0          0          0   rtentry4.o
         2          0          0          0          0          0   rtexit.o
        10          0          0          0          0          0   rtexit2.o
        12          4          0          0          0         68   sys_exit.o
        74          0          0          0          0         80   sys_stackheap_outer.o
         2          0          0          0          0         68   use_no_semi.o

    ----------------------------------------------------------------------
       352         16          0          0         96        656   Library Totals
         8          0          0          0          0          0   (incl. Padding)

    ----------------------------------------------------------------------

      Code (inc. data)   RO Data    RW Data    ZI Data      Debug   Library Name

       344         16          0          0         96        656   c_w.l

    ----------------------------------------------------------------------
       352         16          0          0         96        656   Library Totals

    ----------------------------------------------------------------------

==============================================================================


      Code (inc. data)   RO Data    RW Data    ZI Data      Debug   

      7500       1476       2968        108       1756      43028   Grand Totals
      7500       1476       2968        108       1756      43028   ELF Image Totals
      7500       1476       2968        108          0          0   ROM Totals

==============================================================================

    Total RO  Size (Code + RO Data)                10468 (  10.22kB)
    Total RW  Size (RW Data + ZI Data)              1864 (   1.82kB)
    Total ROM Size (Code + RO Data + RW Data)      10576 (  10.33kB)

==============================================================================

