ARM Linker, 5.03 [Build 76] [MDK-ARM Lite]

==============================================================================

Section Cross References

    startup.o(STACK) refers (Special) to heapauxi.o(.text) for __use_two_region_memory
    startup.o(HEAP) refers (Special) to heapauxi.o(.text) for __use_two_region_memory
    startup.o(RESET) refers (Special) to heapauxi.o(.text) for __use_two_region_memory
    startup.o(RESET) refers to startup.o(STACK) for StackMem
    startup.o(RESET) refers to texas.o(i.Timer4A_Handler) for Timer4A_Handler
    startup.o(RESET) refers to texas.o(i.Timer5A_Handler) for Timer5A_Handler
    startup.o(RESET) refers to __main.o(!!!main) for __main
    startup.o(.text) refers (Special) to heapauxi.o(.text) for __use_two_region_memory
    startup.o(.text) refers to startup.o(HEAP) for HeapMem
    startup.o(.text) refers to startup.o(STACK) for StackMem
    nokia5110.o(i.Nokia5110_Clear) refers to nokia5110.o(i.lcdwrite) for lcdwrite
    nokia5110.o(i.Nokia5110_Clear) refers to nokia5110.o(i.Nokia5110_SetCursor) for Nokia5110_SetCursor
    nokia5110.o(i.Nokia5110_ClearBuffer) refers to nokia5110.o(.bss) for Screen
    nokia5110.o(i.Nokia5110_DisplayBuffer) refers to nokia5110.o(i.Nokia5110_DrawFullImage) for Nokia5110_DrawFullImage
    nokia5110.o(i.Nokia5110_DisplayBuffer) refers to nokia5110.o(.bss) for Screen
    nokia5110.o(i.Nokia5110_DrawFullImage) refers to nokia5110.o(i.Nokia5110_SetCursor) for Nokia5110_SetCursor
    nokia5110.o(i.Nokia5110_DrawFullImage) refers to nokia5110.o(i.lcdwrite) for lcdwrite
    nokia5110.o(i.Nokia5110_Init) refers to nokia5110.o(i.lcdwrite) for lcdwrite
    nokia5110.o(i.Nokia5110_OutChar) refers to nokia5110.o(i.lcdwrite) for lcdwrite
    nokia5110.o(i.Nokia5110_OutChar) refers to nokia5110.o(.constdata) for ASCII
    nokia5110.o(i.Nokia5110_OutString) refers to nokia5110.o(i.Nokia5110_OutChar) for Nokia5110_OutChar
    nokia5110.o(i.Nokia5110_OutUDec) refers to nokia5110.o(i.Nokia5110_OutString) for Nokia5110_OutString
    nokia5110.o(i.Nokia5110_OutUDec) refers to nokia5110.o(i.Nokia5110_OutChar) for Nokia5110_OutChar
    nokia5110.o(i.Nokia5110_PrintBMP) refers to nokia5110.o(.bss) for Screen
    nokia5110.o(i.Nokia5110_SetCursor) refers to nokia5110.o(i.lcdwrite) for lcdwrite
    connectfourmain.o(i.addSeed) refers to userinterface.o(i.drawSeed) for drawSeed
    connectfourmain.o(i.addSeed) refers to connectfourmain.o(.bss) for columnHeight
    connectfourmain.o(i.initialize) refers to rt_memclr_w.o(.text) for __aeabi_memclr4
    connectfourmain.o(i.initialize) refers to connectfourmain.o(.bss) for gameGrid
    connectfourmain.o(i.initialize) refers to connectfourmain.o(.data) for currentTurn
    connectfourmain.o(i.main) refers to uarthandler.o(i.UARTInit) for UARTInit
    connectfourmain.o(i.main) refers to inputhandler.o(i.keyPadInit) for keyPadInit
    connectfourmain.o(i.main) refers to connectfourmain.o(i.initialize) for initialize
    connectfourmain.o(i.main) refers to userinterface.o(i.welcomeScene) for welcomeScene
    connectfourmain.o(i.main) refers to userinterface.o(i.selectModeScene) for selectModeScene
    connectfourmain.o(i.main) refers to userinterface.o(i.selectSeedScene) for selectSeedScene
    connectfourmain.o(i.main) refers to userinterface.o(i.drawEmptyGrid) for drawEmptyGrid
    connectfourmain.o(i.main) refers to inputhandler.o(i.getInputKey) for getInputKey
    connectfourmain.o(i.main) refers to connectfourmain.o(i.validColumn) for validColumn
    connectfourmain.o(i.main) refers to connectfour.o(i.bestPosition) for bestPosition
    connectfourmain.o(i.main) refers to connectfourmain.o(i.addSeed) for addSeed
    connectfourmain.o(i.main) refers to userinterface.o(i.stateScene) for stateScene
    connectfourmain.o(i.main) refers to userinterface.o(i.MSScene) for MSScene
    connectfourmain.o(i.main) refers to userinterface.o(i.connectingScene) for connectingScene
    connectfourmain.o(i.main) refers to connectfourmain.o(i.sendAndWaitConfirmation) for sendAndWaitConfirmation
    connectfourmain.o(i.main) refers to uarthandler.o(i.send) for send
    connectfourmain.o(i.main) refers to uarthandler.o(i.receive) for receive
    connectfourmain.o(i.main) refers to userinterface.o(i.displaySlaveSeed) for displaySlaveSeed
    connectfourmain.o(i.main) refers to userinterface.o(i.Delay100ms) for Delay100ms
    connectfourmain.o(i.main) refers to connectfourmain.o(.data) for mode
    connectfourmain.o(i.main) refers to connectfourmain.o(.bss) for gameGrid
    connectfourmain.o(i.sendAndWaitConfirmation) refers to uarthandler.o(i.send) for send
    connectfourmain.o(i.sendAndWaitConfirmation) refers to userinterface.o(i.Delay100ms) for Delay100ms
    connectfourmain.o(i.sendAndWaitConfirmation) refers to uarthandler.o(i.receive) for receive
    connectfourmain.o(i.sendAndWaitConfirmation) refers to connectfourmain.o(.data) for firstTime
    connectfourmain.o(i.validColumn) refers to connectfourmain.o(.bss) for columnHeight
    texas.o(i.SetCode) refers to texas.o(.bss) for TExaS
    texas.o(i.SetCourse) refers to texas.o(.bss) for TExaS
    texas.o(i.SetMode) refers to texas.o(.bss) for TExaS
    texas.o(i.StartTimer4) refers to texas.o(.data) for ScopeCount
    texas.o(i.TExaS_Init) refers to texas.o(i.PLL_Init) for PLL_Init
    texas.o(i.TExaS_Init) refers to texas.o(i.SetCourse) for SetCourse
    texas.o(i.TExaS_Init) refers to texas.o(i.UART0_Init) for UART0_Init
    texas.o(i.TExaS_Init) refers to texas.o(i.SetCode) for SetCode
    texas.o(i.TExaS_Init) refers to texas.o(i.ADC1_Init) for ADC1_Init
    texas.o(i.TExaS_Init) refers to texas.o(.constdata) for IntroMsg
    texas.o(i.TExaS_Init) refers to texas.o(.bss) for TExaS
    texas.o(i.TExaS_Init) refers to texas.o(.data) for LastMode
    texas.o(i.Timer5A_Handler) refers to texas.o(i.ADC1_In) for ADC1_In
    texas.o(i.Timer5A_Handler) refers to texas.o(.data) for TExaS_Period
    inputhandler.o(i.getInputKey) refers to inputhandler.o(.constdata) for .constdata
    userinterface.o(i.MSScene) refers to nokia5110.o(i.Nokia5110_Clear) for Nokia5110_Clear
    userinterface.o(i.MSScene) refers to nokia5110.o(i.Nokia5110_SetCursor) for Nokia5110_SetCursor
    userinterface.o(i.MSScene) refers to nokia5110.o(i.Nokia5110_OutString) for Nokia5110_OutString
    userinterface.o(i.MSScene) refers to inputhandler.o(i.getInputKey) for getInputKey
    userinterface.o(i.MSScene) refers to userinterface.o(.data) for PlayerRole
    userinterface.o(i.NokiaInit) refers to texas.o(i.TExaS_Init) for TExaS_Init
    userinterface.o(i.NokiaInit) refers to nokia5110.o(i.Nokia5110_Init) for Nokia5110_Init
    userinterface.o(i.connectingScene) refers to nokia5110.o(i.Nokia5110_Clear) for Nokia5110_Clear
    userinterface.o(i.connectingScene) refers to nokia5110.o(i.Nokia5110_SetCursor) for Nokia5110_SetCursor
    userinterface.o(i.connectingScene) refers to nokia5110.o(i.Nokia5110_OutString) for Nokia5110_OutString
    userinterface.o(i.connectingScene) refers to userinterface.o(i.Delay100ms) for Delay100ms
    userinterface.o(i.displaySlaveSeed) refers to nokia5110.o(i.Nokia5110_Clear) for Nokia5110_Clear
    userinterface.o(i.displaySlaveSeed) refers to nokia5110.o(i.Nokia5110_SetCursor) for Nokia5110_SetCursor
    userinterface.o(i.displaySlaveSeed) refers to nokia5110.o(i.Nokia5110_OutString) for Nokia5110_OutString
    userinterface.o(i.displaySlaveSeed) refers to nokia5110.o(i.Nokia5110_OutChar) for Nokia5110_OutChar
    userinterface.o(i.drawEmptyGrid) refers to nokia5110.o(i.Nokia5110_ClearBuffer) for Nokia5110_ClearBuffer
    userinterface.o(i.drawEmptyGrid) refers to nokia5110.o(i.Nokia5110_DisplayBuffer) for Nokia5110_DisplayBuffer
    userinterface.o(i.drawEmptyGrid) refers to nokia5110.o(i.Nokia5110_PrintBMP) for Nokia5110_PrintBMP
    userinterface.o(i.drawEmptyGrid) refers to userinterface.o(.data) for BoardHeight
    userinterface.o(i.drawEmptyGrid) refers to userinterface.o(.constdata) for Cell
    userinterface.o(i.drawSeed) refers to nokia5110.o(i.Nokia5110_PrintBMP) for Nokia5110_PrintBMP
    userinterface.o(i.drawSeed) refers to nokia5110.o(i.Nokia5110_DisplayBuffer) for Nokia5110_DisplayBuffer
    userinterface.o(i.drawSeed) refers to userinterface.o(.constdata) for X
    userinterface.o(i.drawSeed) refers to userinterface.o(.data) for BoardHeight
    userinterface.o(i.selectModeScene) refers to nokia5110.o(i.Nokia5110_Clear) for Nokia5110_Clear
    userinterface.o(i.selectModeScene) refers to nokia5110.o(i.Nokia5110_SetCursor) for Nokia5110_SetCursor
    userinterface.o(i.selectModeScene) refers to nokia5110.o(i.Nokia5110_OutString) for Nokia5110_OutString
    userinterface.o(i.selectModeScene) refers to inputhandler.o(i.getInputKey) for getInputKey
    userinterface.o(i.selectModeScene) refers to userinterface.o(.data) for PlayerTurn
    userinterface.o(i.selectSeedScene) refers to nokia5110.o(i.Nokia5110_Clear) for Nokia5110_Clear
    userinterface.o(i.selectSeedScene) refers to nokia5110.o(i.Nokia5110_SetCursor) for Nokia5110_SetCursor
    userinterface.o(i.selectSeedScene) refers to nokia5110.o(i.Nokia5110_OutString) for Nokia5110_OutString
    userinterface.o(i.selectSeedScene) refers to inputhandler.o(i.getInputKey) for getInputKey
    userinterface.o(i.selectSeedScene) refers to userinterface.o(.data) for PlayerSeed
    userinterface.o(i.stateScene) refers to nokia5110.o(i.Nokia5110_Clear) for Nokia5110_Clear
    userinterface.o(i.stateScene) refers to nokia5110.o(i.Nokia5110_SetCursor) for Nokia5110_SetCursor
    userinterface.o(i.stateScene) refers to nokia5110.o(i.Nokia5110_OutString) for Nokia5110_OutString
    userinterface.o(i.stateScene) refers to userinterface.o(.data) for PlayerSeed
    userinterface.o(i.waitingScene) refers to nokia5110.o(i.Nokia5110_Clear) for Nokia5110_Clear
    userinterface.o(i.waitingScene) refers to nokia5110.o(i.Nokia5110_SetCursor) for Nokia5110_SetCursor
    userinterface.o(i.waitingScene) refers to nokia5110.o(i.Nokia5110_OutString) for Nokia5110_OutString
    userinterface.o(i.waitingScene) refers to userinterface.o(i.Delay100ms) for Delay100ms
    userinterface.o(i.welcomeScene) refers to nokia5110.o(i.Nokia5110_ClearBuffer) for Nokia5110_ClearBuffer
    userinterface.o(i.welcomeScene) refers to nokia5110.o(i.Nokia5110_DisplayBuffer) for Nokia5110_DisplayBuffer
    userinterface.o(i.welcomeScene) refers to nokia5110.o(i.Nokia5110_PrintBMP) for Nokia5110_PrintBMP
    userinterface.o(i.welcomeScene) refers to userinterface.o(.constdata) for Logo
    connectfour.o(i.bestMoveP1) refers to connectfour.o(i.minimax) for minimax
    connectfour.o(i.bestMoveP1) refers to connectfour.o(.data) for INF
    connectfour.o(i.bestMoveP1) refers to connectfour.o(.bss) for col
    connectfour.o(i.bestMoveP2) refers to connectfour.o(i.minimax) for minimax
    connectfour.o(i.bestMoveP2) refers to connectfour.o(.data) for INF
    connectfour.o(i.bestMoveP2) refers to connectfour.o(.bss) for col
    connectfour.o(i.bestPosition) refers to connectfour.o(i.bestMoveP1) for bestMoveP1
    connectfour.o(i.bestPosition) refers to connectfour.o(i.bestMoveP2) for bestMoveP2
    connectfour.o(i.evaluate) refers to connectfour.o(.data) for player1
    connectfour.o(i.isMovesLeft) refers to connectfour.o(.bss) for col
    connectfour.o(i.minimax) refers to connectfour.o(i.evaluate) for evaluate
    connectfour.o(i.minimax) refers to connectfour.o(i.isMovesLeft) for isMovesLeft
    connectfour.o(i.minimax) refers to connectfour.o(i.max) for max
    connectfour.o(i.minimax) refers to connectfour.o(i.min) for min
    connectfour.o(i.minimax) refers to connectfour.o(.data) for INF
    connectfour.o(i.minimax) refers to connectfour.o(.bss) for col
    __main.o(!!!main) refers to rtentry.o(.ARM.Collect$$rtentry$$00000000) for __rt_entry
    rtentry.o(.ARM.Collect$$rtentry$$00000000) refers (Special) to rtentry2.o(.ARM.Collect$$rtentry$$0000000A) for __rt_entry_li
    rtentry.o(.ARM.Collect$$rtentry$$00000000) refers (Special) to rtentry2.o(.ARM.Collect$$rtentry$$0000000D) for __rt_entry_main
    rtentry.o(.ARM.Collect$$rtentry$$00000000) refers (Special) to rtentry2.o(.ARM.Collect$$rtentry$$0000000C) for __rt_entry_postli_1
    rtentry.o(.ARM.Collect$$rtentry$$00000000) refers (Special) to rtentry2.o(.ARM.Collect$$rtentry$$00000009) for __rt_entry_postsh_1
    rtentry.o(.ARM.Collect$$rtentry$$00000000) refers (Special) to rtentry2.o(.ARM.Collect$$rtentry$$00000002) for __rt_entry_presh_1
    rtentry.o(.ARM.Collect$$rtentry$$00000000) refers (Special) to rtentry4.o(.ARM.Collect$$rtentry$$00000004) for __rt_entry_sh
    rtentry2.o(.ARM.Collect$$rtentry$$00000008) refers to boardinit2.o(.text) for _platform_post_stackheap_init
    rtentry2.o(.ARM.Collect$$rtentry$$0000000A) refers to libinit.o(.ARM.Collect$$libinit$$00000000) for __rt_lib_init
    rtentry2.o(.ARM.Collect$$rtentry$$0000000B) refers to boardinit3.o(.text) for _platform_post_lib_init
    rtentry2.o(.ARM.Collect$$rtentry$$0000000D) refers to connectfourmain.o(i.main) for main
    rtentry2.o(.ARM.Collect$$rtentry$$0000000D) refers to exit.o(.text) for exit
    rtentry2.o(.ARM.exidx) refers to rtentry2.o(.ARM.Collect$$rtentry$$00000001) for .ARM.Collect$$rtentry$$00000001
    rtentry2.o(.ARM.exidx) refers to rtentry2.o(.ARM.Collect$$rtentry$$00000008) for .ARM.Collect$$rtentry$$00000008
    rtentry2.o(.ARM.exidx) refers to rtentry2.o(.ARM.Collect$$rtentry$$0000000A) for .ARM.Collect$$rtentry$$0000000A
    rtentry2.o(.ARM.exidx) refers to rtentry2.o(.ARM.Collect$$rtentry$$0000000B) for .ARM.Collect$$rtentry$$0000000B
    rtentry2.o(.ARM.exidx) refers to rtentry2.o(.ARM.Collect$$rtentry$$0000000D) for .ARM.Collect$$rtentry$$0000000D
    rtentry4.o(.ARM.Collect$$rtentry$$00000004) refers to sys_stackheap_outer.o(.text) for __user_setup_stackheap
    rtentry4.o(.ARM.exidx) refers to rtentry4.o(.ARM.Collect$$rtentry$$00000004) for .ARM.Collect$$rtentry$$00000004
    sys_stackheap_outer.o(.text) refers to libspace.o(.text) for __user_perproc_libspace
    sys_stackheap_outer.o(.text) refers to startup.o(.text) for __user_initial_stackheap
    exit.o(.text) refers to rtexit.o(.ARM.Collect$$rtexit$$00000000) for __rt_exit
    libinit.o(.ARM.Collect$$libinit$$00000000) refers (Special) to libinit2.o(.ARM.Collect$$libinit$$0000002C) for __rt_lib_init_alloca_1
    libinit.o(.ARM.Collect$$libinit$$00000000) refers (Special) to libinit2.o(.ARM.Collect$$libinit$$0000002A) for __rt_lib_init_argv_1
    libinit.o(.ARM.Collect$$libinit$$00000000) refers (Special) to libinit2.o(.ARM.Collect$$libinit$$00000019) for __rt_lib_init_atexit_1
    libinit.o(.ARM.Collect$$libinit$$00000000) refers (Special) to libinit2.o(.ARM.Collect$$libinit$$0000001F) for __rt_lib_init_clock_1
    libinit.o(.ARM.Collect$$libinit$$00000000) refers (Special) to libinit2.o(.ARM.Collect$$libinit$$00000030) for __rt_lib_init_cpp_1
    libinit.o(.ARM.Collect$$libinit$$00000000) refers (Special) to libinit2.o(.ARM.Collect$$libinit$$0000002E) for __rt_lib_init_exceptions_1
    libinit.o(.ARM.Collect$$libinit$$00000000) refers (Special) to libinit2.o(.ARM.Collect$$libinit$$00000002) for __rt_lib_init_fp_1
    libinit.o(.ARM.Collect$$libinit$$00000000) refers (Special) to libinit2.o(.ARM.Collect$$libinit$$0000001D) for __rt_lib_init_fp_trap_1
    libinit.o(.ARM.Collect$$libinit$$00000000) refers (Special) to libinit2.o(.ARM.Collect$$libinit$$00000021) for __rt_lib_init_getenv_1
    libinit.o(.ARM.Collect$$libinit$$00000000) refers (Special) to libinit2.o(.ARM.Collect$$libinit$$00000008) for __rt_lib_init_heap_1
    libinit.o(.ARM.Collect$$libinit$$00000000) refers (Special) to libinit2.o(.ARM.Collect$$libinit$$0000000F) for __rt_lib_init_lc_collate_1
    libinit.o(.ARM.Collect$$libinit$$00000000) refers (Special) to libinit2.o(.ARM.Collect$$libinit$$00000011) for __rt_lib_init_lc_ctype_1
    libinit.o(.ARM.Collect$$libinit$$00000000) refers (Special) to libinit2.o(.ARM.Collect$$libinit$$00000013) for __rt_lib_init_lc_monetary_1
    libinit.o(.ARM.Collect$$libinit$$00000000) refers (Special) to libinit2.o(.ARM.Collect$$libinit$$00000015) for __rt_lib_init_lc_numeric_1
    libinit.o(.ARM.Collect$$libinit$$00000000) refers (Special) to libinit2.o(.ARM.Collect$$libinit$$00000017) for __rt_lib_init_lc_time_1
    libinit.o(.ARM.Collect$$libinit$$00000000) refers (Special) to libinit2.o(.ARM.Collect$$libinit$$0000000C) for __rt_lib_init_rand_1
    libinit.o(.ARM.Collect$$libinit$$00000000) refers (Special) to libinit2.o(.ARM.Collect$$libinit$$00000031) for __rt_lib_init_return
    libinit.o(.ARM.Collect$$libinit$$00000000) refers (Special) to libinit2.o(.ARM.Collect$$libinit$$0000001B) for __rt_lib_init_signal_1
    libinit.o(.ARM.Collect$$libinit$$00000000) refers (Special) to libinit2.o(.ARM.Collect$$libinit$$00000023) for __rt_lib_init_stdio_1
    libinit.o(.ARM.Collect$$libinit$$00000000) refers (Special) to libinit2.o(.ARM.Collect$$libinit$$0000000A) for __rt_lib_init_user_alloc_1
    libspace.o(.text) refers to libspace.o(.bss) for __libspace_start
    rtexit.o(.ARM.Collect$$rtexit$$00000000) refers (Special) to rtexit2.o(.ARM.Collect$$rtexit$$00000004) for __rt_exit_exit
    rtexit.o(.ARM.Collect$$rtexit$$00000000) refers (Special) to rtexit2.o(.ARM.Collect$$rtexit$$00000003) for __rt_exit_ls
    rtexit.o(.ARM.Collect$$rtexit$$00000000) refers (Special) to rtexit2.o(.ARM.Collect$$rtexit$$00000002) for __rt_exit_prels_1
    rtexit.o(.ARM.exidx) refers (Special) to rtexit2.o(.ARM.Collect$$rtexit$$00000004) for __rt_exit_exit
    rtexit.o(.ARM.exidx) refers (Special) to rtexit2.o(.ARM.Collect$$rtexit$$00000003) for __rt_exit_ls
    rtexit.o(.ARM.exidx) refers (Special) to rtexit2.o(.ARM.Collect$$rtexit$$00000002) for __rt_exit_prels_1
    rtexit.o(.ARM.exidx) refers to rtexit.o(.ARM.Collect$$rtexit$$00000000) for .ARM.Collect$$rtexit$$00000000
    libinit2.o(.ARM.Collect$$libinit$$0000000E) refers to libinit2.o(.ARM.Collect$$libinit$$0000000D) for .ARM.Collect$$libinit$$0000000D
    libinit2.o(.ARM.Collect$$libinit$$00000010) refers to libinit2.o(.ARM.Collect$$libinit$$0000000D) for .ARM.Collect$$libinit$$0000000D
    libinit2.o(.ARM.Collect$$libinit$$00000012) refers to libinit2.o(.ARM.Collect$$libinit$$0000000D) for .ARM.Collect$$libinit$$0000000D
    libinit2.o(.ARM.Collect$$libinit$$00000014) refers to libinit2.o(.ARM.Collect$$libinit$$0000000D) for .ARM.Collect$$libinit$$0000000D
    libinit2.o(.ARM.Collect$$libinit$$00000016) refers to libinit2.o(.ARM.Collect$$libinit$$0000000D) for .ARM.Collect$$libinit$$0000000D
    libinit2.o(.ARM.Collect$$libinit$$00000024) refers to argv_veneer.o(.emb_text) for __ARM_argv_veneer
    libinit2.o(.ARM.Collect$$libinit$$00000025) refers to argv_veneer.o(.emb_text) for __ARM_argv_veneer
    rtexit2.o(.ARM.Collect$$rtexit$$00000003) refers to libshutdown.o(.ARM.Collect$$libshutdown$$00000000) for __rt_lib_shutdown
    rtexit2.o(.ARM.Collect$$rtexit$$00000004) refers to sys_exit.o(.text) for _sys_exit
    rtexit2.o(.ARM.exidx) refers to rtexit2.o(.ARM.Collect$$rtexit$$00000001) for .ARM.Collect$$rtexit$$00000001
    rtexit2.o(.ARM.exidx) refers to rtexit2.o(.ARM.Collect$$rtexit$$00000003) for .ARM.Collect$$rtexit$$00000003
    rtexit2.o(.ARM.exidx) refers to rtexit2.o(.ARM.Collect$$rtexit$$00000004) for .ARM.Collect$$rtexit$$00000004
    argv_veneer.o(.emb_text) refers to no_argv.o(.text) for __ARM_get_argv
    sys_exit.o(.text) refers (Special) to use_no_semi.o(.text) for __I$use$semihosting
    sys_exit.o(.text) refers (Special) to indicate_semi.o(.text) for __semihosting_library_function
    _get_argv_nomalloc.o(.text) refers (Special) to hrguard.o(.text) for __heap_region$guard
    _get_argv_nomalloc.o(.text) refers to defsig_rtmem_outer.o(.text) for __rt_SIGRTMEM
    _get_argv_nomalloc.o(.text) refers to sys_command.o(.text) for _sys_command_string
    libshutdown.o(.ARM.Collect$$libshutdown$$00000000) refers (Special) to libshutdown2.o(.ARM.Collect$$libshutdown$$00000006) for __rt_lib_shutdown_fp_trap_1
    libshutdown.o(.ARM.Collect$$libshutdown$$00000000) refers (Special) to libshutdown2.o(.ARM.Collect$$libshutdown$$0000000E) for __rt_lib_shutdown_heap_1
    libshutdown.o(.ARM.Collect$$libshutdown$$00000000) refers (Special) to libshutdown2.o(.ARM.Collect$$libshutdown$$0000000F) for __rt_lib_shutdown_return
    libshutdown.o(.ARM.Collect$$libshutdown$$00000000) refers (Special) to libshutdown2.o(.ARM.Collect$$libshutdown$$00000009) for __rt_lib_shutdown_signal_1
    libshutdown.o(.ARM.Collect$$libshutdown$$00000000) refers (Special) to libshutdown2.o(.ARM.Collect$$libshutdown$$00000003) for __rt_lib_shutdown_stdio_1
    libshutdown.o(.ARM.Collect$$libshutdown$$00000000) refers (Special) to libshutdown2.o(.ARM.Collect$$libshutdown$$0000000B) for __rt_lib_shutdown_user_alloc_1
    sys_command.o(.text) refers (Special) to use_no_semi.o(.text) for __I$use$semihosting
    sys_command.o(.text) refers (Special) to indicate_semi.o(.text) for __semihosting_library_function
    defsig_rtmem_outer.o(.text) refers to defsig_rtmem_inner.o(.text) for __rt_SIGRTMEM_inner
    defsig_rtmem_outer.o(.text) refers to defsig_exit.o(.text) for __sig_exit
    defsig_rtmem_formal.o(.text) refers to rt_raise.o(.text) for __rt_raise
    rt_raise.o(.text) refers to __raise.o(.text) for __raise
    rt_raise.o(.text) refers to sys_exit.o(.text) for _sys_exit
    defsig_exit.o(.text) refers to sys_exit.o(.text) for _sys_exit
    defsig_rtmem_inner.o(.text) refers to defsig_general.o(.text) for __default_signal_display
    __raise.o(.text) refers to defsig.o(CL$$defsig) for __default_signal_handler
    defsig_general.o(.text) refers to sys_wrch.o(.text) for _ttywrch
    sys_wrch.o(.text) refers (Special) to use_no_semi.o(.text) for __I$use$semihosting
    sys_wrch.o(.text) refers (Special) to indicate_semi.o(.text) for __semihosting_library_function
    defsig.o(CL$$defsig) refers to defsig_rtmem_inner.o(.text) for __rt_SIGRTMEM_inner
    defsig_abrt_inner.o(.text) refers to defsig_general.o(.text) for __default_signal_display
    defsig_fpe_inner.o(.text) refers to defsig_general.o(.text) for __default_signal_display
    defsig_rtred_inner.o(.text) refers to defsig_general.o(.text) for __default_signal_display
    defsig_stak_inner.o(.text) refers to defsig_general.o(.text) for __default_signal_display
    defsig_pvfn_inner.o(.text) refers to defsig_general.o(.text) for __default_signal_display
    defsig_cppl_inner.o(.text) refers to defsig_general.o(.text) for __default_signal_display
    defsig_segv_inner.o(.text) refers to defsig_general.o(.text) for __default_signal_display
    defsig_other.o(.text) refers to defsig_general.o(.text) for __default_signal_display


==============================================================================

Removing Unused input sections from the image.

    Removing nokia5110.o(i.Nokia5110_Init), (364 bytes).
    Removing nokia5110.o(i.Nokia5110_OutUDec), (412 bytes).
    Removing connectfourmain.o(i.confirm), (2 bytes).
    Removing connectfourmain.o(.constdata), (480 bytes).
    Removing texas.o(i.ADC1_Init), (212 bytes).
    Removing texas.o(i.PLL_Init), (124 bytes).
    Removing texas.o(i.SetCode), (24 bytes).
    Removing texas.o(i.SetCourse), (24 bytes).
    Removing texas.o(i.SetMode), (24 bytes).
    Removing texas.o(i.StartTimer4), (36 bytes).
    Removing texas.o(i.StopTimer4), (24 bytes).
    Removing texas.o(i.TExaS_Init), (452 bytes).
    Removing texas.o(i.TExaS_Stop), (28 bytes).
    Removing texas.o(i.UART0_InChar), (24 bytes).
    Removing texas.o(i.UART0_InCharNonBlocking), (28 bytes).
    Removing texas.o(i.UART0_Init), (192 bytes).
    Removing texas.o(i.UART0_OutChar), (24 bytes).
    Removing texas.o(i.UART0_OutCharNonBlock), (12 bytes).
    Removing texas.o(i.copy), (18 bytes).
    Removing texas.o(.bss), (56 bytes).
    Removing texas.o(.constdata), (360 bytes).
    Removing userinterface.o(i.NokiaInit), (14 bytes).
    Removing userinterface.o(i.waitingScene), (56 bytes).

23 unused section(s) (total 2990 bytes) removed from the image.

==============================================================================

Memory Map of the image

  Image Entry point : 0x00000000

  Load Region LR_1 (Base: 0x00000000, Size: 0x00002008, Max: 0xffffffff, ABSOLUTE)

    Execution Region ER_RO (Base: 0x00000000, Size: 0x00001f98, Max: 0xffffffff, ABSOLUTE)

    Base Addr    Size         Type   Attr      Idx    E Section Name        Object

    0x00000000   0x00000284   Code   RO            3  * RESET               startup.o
    0x00000284   0x00000008   Code   RO          472  * !!!main             c_w.l(__main.o)
    0x0000028c   0x00000002   Code   RO          499    .ARM.Collect$$libinit$$00000000  c_w.l(libinit.o)
    0x0000028e   0x00000000   Code   RO          506    .ARM.Collect$$libinit$$00000002  c_w.l(libinit2.o)
    0x0000028e   0x00000000   Code   RO          509    .ARM.Collect$$libinit$$00000008  c_w.l(libinit2.o)
    0x0000028e   0x00000000   Code   RO          511    .ARM.Collect$$libinit$$0000000A  c_w.l(libinit2.o)
    0x0000028e   0x00000000   Code   RO          513    .ARM.Collect$$libinit$$0000000C  c_w.l(libinit2.o)
    0x0000028e   0x00000000   Code   RO          516    .ARM.Collect$$libinit$$0000000F  c_w.l(libinit2.o)
    0x0000028e   0x00000000   Code   RO          518    .ARM.Collect$$libinit$$00000011  c_w.l(libinit2.o)
    0x0000028e   0x00000000   Code   RO          520    .ARM.Collect$$libinit$$00000013  c_w.l(libinit2.o)
    0x0000028e   0x00000000   Code   RO          522    .ARM.Collect$$libinit$$00000015  c_w.l(libinit2.o)
    0x0000028e   0x00000000   Code   RO          524    .ARM.Collect$$libinit$$00000017  c_w.l(libinit2.o)
    0x0000028e   0x00000000   Code   RO          526    .ARM.Collect$$libinit$$00000019  c_w.l(libinit2.o)
    0x0000028e   0x00000000   Code   RO          528    .ARM.Collect$$libinit$$0000001B  c_w.l(libinit2.o)
    0x0000028e   0x00000000   Code   RO          530    .ARM.Collect$$libinit$$0000001D  c_w.l(libinit2.o)
    0x0000028e   0x00000000   Code   RO          532    .ARM.Collect$$libinit$$0000001F  c_w.l(libinit2.o)
    0x0000028e   0x00000000   Code   RO          534    .ARM.Collect$$libinit$$00000021  c_w.l(libinit2.o)
    0x0000028e   0x00000000   Code   RO          536    .ARM.Collect$$libinit$$00000023  c_w.l(libinit2.o)
    0x0000028e   0x00000000   Code   RO          540    .ARM.Collect$$libinit$$0000002A  c_w.l(libinit2.o)
    0x0000028e   0x00000000   Code   RO          542    .ARM.Collect$$libinit$$0000002C  c_w.l(libinit2.o)
    0x0000028e   0x00000000   Code   RO          544    .ARM.Collect$$libinit$$0000002E  c_w.l(libinit2.o)
    0x0000028e   0x00000000   Code   RO          546    .ARM.Collect$$libinit$$00000030  c_w.l(libinit2.o)
    0x0000028e   0x00000002   Code   RO          547    .ARM.Collect$$libinit$$00000031  c_w.l(libinit2.o)
    0x00000290   0x00000002   Code   RO          567    .ARM.Collect$$libshutdown$$00000000  c_w.l(libshutdown.o)
    0x00000292   0x00000000   Code   RO          581    .ARM.Collect$$libshutdown$$00000003  c_w.l(libshutdown2.o)
    0x00000292   0x00000000   Code   RO          584    .ARM.Collect$$libshutdown$$00000006  c_w.l(libshutdown2.o)
    0x00000292   0x00000000   Code   RO          587    .ARM.Collect$$libshutdown$$00000009  c_w.l(libshutdown2.o)
    0x00000292   0x00000000   Code   RO          589    .ARM.Collect$$libshutdown$$0000000B  c_w.l(libshutdown2.o)
    0x00000292   0x00000000   Code   RO          592    .ARM.Collect$$libshutdown$$0000000E  c_w.l(libshutdown2.o)
    0x00000292   0x00000002   Code   RO          593    .ARM.Collect$$libshutdown$$0000000F  c_w.l(libshutdown2.o)
    0x00000294   0x00000000   Code   RO          474    .ARM.Collect$$rtentry$$00000000  c_w.l(rtentry.o)
    0x00000294   0x00000000   Code   RO          476    .ARM.Collect$$rtentry$$00000002  c_w.l(rtentry2.o)
    0x00000294   0x00000006   Code   RO          488    .ARM.Collect$$rtentry$$00000004  c_w.l(rtentry4.o)
    0x0000029a   0x00000000   Code   RO          478    .ARM.Collect$$rtentry$$00000009  c_w.l(rtentry2.o)
    0x0000029a   0x00000004   Code   RO          479    .ARM.Collect$$rtentry$$0000000A  c_w.l(rtentry2.o)
    0x0000029e   0x00000000   Code   RO          481    .ARM.Collect$$rtentry$$0000000C  c_w.l(rtentry2.o)
    0x0000029e   0x00000008   Code   RO          482    .ARM.Collect$$rtentry$$0000000D  c_w.l(rtentry2.o)
    0x000002a6   0x00000002   Code   RO          503    .ARM.Collect$$rtexit$$00000000  c_w.l(rtexit.o)
    0x000002a8   0x00000000   Code   RO          549    .ARM.Collect$$rtexit$$00000002  c_w.l(rtexit2.o)
    0x000002a8   0x00000004   Code   RO          550    .ARM.Collect$$rtexit$$00000003  c_w.l(rtexit2.o)
    0x000002ac   0x00000006   Code   RO          551    .ARM.Collect$$rtexit$$00000004  c_w.l(rtexit2.o)
    0x000002b2   0x00000002   PAD
    0x000002b4   0x00000030   Code   RO            4    .text               startup.o
    0x000002e4   0x0000004e   Code   RO          468    .text               c_w.l(rt_memclr_w.o)
    0x00000332   0x00000006   Code   RO          470    .text               c_w.l(heapauxi.o)
    0x00000338   0x0000004a   Code   RO          490    .text               c_w.l(sys_stackheap_outer.o)
    0x00000382   0x0000000c   Code   RO          492    .text               c_w.l(exit.o)
    0x0000038e   0x00000002   PAD
    0x00000390   0x00000008   Code   RO          500    .text               c_w.l(libspace.o)
    0x00000398   0x0000000c   Code   RO          559    .text               c_w.l(sys_exit.o)
    0x000003a4   0x00000002   Code   RO          570    .text               c_w.l(use_no_semi.o)
    0x000003a6   0x00000000   Code   RO          572    .text               c_w.l(indicate_semi.o)
    0x000003a6   0x00000002   PAD
    0x000003a8   0x0000000c   Code   RO          157    i.ADC1_In           texas.o
    0x000003b4   0x00000024   Code   RO          319    i.Delay100ms        userinterface.o
    0x000003d8   0x00000074   Code   RO          320    i.MSScene           userinterface.o
    0x0000044c   0x00000020   Code   RO           12    i.Nokia5110_Clear   nokia5110.o
    0x0000046c   0x00000018   Code   RO           13    i.Nokia5110_ClearBuffer  nokia5110.o
    0x00000484   0x00000010   Code   RO           14    i.Nokia5110_DisplayBuffer  nokia5110.o
    0x00000494   0x00000022   Code   RO           15    i.Nokia5110_DrawFullImage  nokia5110.o
    0x000004b6   0x00000002   PAD
    0x000004b8   0x00000038   Code   RO           17    i.Nokia5110_OutChar  nokia5110.o
    0x000004f0   0x00000016   Code   RO           18    i.Nokia5110_OutString  nokia5110.o
    0x00000506   0x00000002   PAD
    0x00000508   0x000001a8   Code   RO           20    i.Nokia5110_PrintBMP  nokia5110.o
    0x000006b0   0x00000030   Code   RO           21    i.Nokia5110_SetCursor  nokia5110.o
    0x000006e0   0x00000020   Code   RO          167    i.Timer4A_Handler   texas.o
    0x00000700   0x00000030   Code   RO          168    i.Timer5A_Handler   texas.o
    0x00000730   0x00000098   Code   RO          295    i.UARTInit          uarthandler.o
    0x000007c8   0x0000003c   Code   RO           91    i.addSeed           connectfourmain.o
    0x00000804   0x0000008c   Code   RO          401    i.bestMoveP1        connectfour.o
    0x00000890   0x00000088   Code   RO          402    i.bestMoveP2        connectfour.o
    0x00000918   0x0000001a   Code   RO          403    i.bestPosition      connectfour.o
    0x00000932   0x00000002   PAD
    0x00000934   0x0000003c   Code   RO          322    i.connectingScene   userinterface.o
    0x00000970   0x00000044   Code   RO          323    i.displaySlaveSeed  userinterface.o
    0x000009b4   0x00000078   Code   RO          324    i.drawEmptyGrid     userinterface.o
    0x00000a2c   0x00000098   Code   RO          325    i.drawSeed          userinterface.o
    0x00000ac4   0x0000020c   Code   RO          404    i.evaluate          connectfour.o
    0x00000cd0   0x00000058   Code   RO          276    i.getInputKey       inputhandler.o
    0x00000d28   0x0000003c   Code   RO           93    i.initialize        connectfourmain.o
    0x00000d64   0x00000020   Code   RO          405    i.isMovesLeft       connectfour.o
    0x00000d84   0x00000088   Code   RO          277    i.keyPadInit        inputhandler.o
    0x00000e0c   0x0000004c   Code   RO           22    i.lcdwrite          nokia5110.o
    0x00000e58   0x000003a4   Code   RO           94    i.main              connectfourmain.o
    0x000011fc   0x0000000e   Code   RO          406    i.max               connectfour.o
    0x0000120a   0x0000000e   Code   RO          407    i.min               connectfour.o
    0x00001218   0x0000015c   Code   RO          408    i.minimax           connectfour.o
    0x00001374   0x00000018   Code   RO          296    i.receive           uarthandler.o
    0x0000138c   0x00000060   Code   RO          326    i.selectModeScene   userinterface.o
    0x000013ec   0x00000088   Code   RO          327    i.selectSeedScene   userinterface.o
    0x00001474   0x00000018   Code   RO          297    i.send              uarthandler.o
    0x0000148c   0x00000034   Code   RO           95    i.sendAndWaitConfirmation  connectfourmain.o
    0x000014c0   0x00000080   Code   RO          328    i.stateScene        userinterface.o
    0x00001540   0x00000028   Code   RO           96    i.validColumn       connectfourmain.o
    0x00001568   0x00000020   Code   RO          330    i.welcomeScene      userinterface.o
    0x00001588   0x000001e0   Data   RO           24    .constdata          nokia5110.o
    0x00001768   0x00000010   Data   RO          278    .constdata          inputhandler.o
    0x00001778   0x00000820   Data   RO          331    .constdata          userinterface.o
    0x00001f98   0x00000000   Data   RO          624    Region$$Table       anon$$obj.o


    Execution Region ER_RW (Base: 0x20000000, Size: 0x00000070, Max: 0xffffffff, ABSOLUTE)

    Base Addr    Size         Type   Attr      Idx    E Section Name        Object

    0x20000000   0x00000011   Data   RW           99    .data               connectfourmain.o
    0x20000011   0x00000003   PAD
    0x20000014   0x00000034   Data   RW          177    .data               texas.o
    0x20000048   0x00000020   Data   RW          332    .data               userinterface.o
    0x20000068   0x00000008   Data   RW          410    .data               connectfour.o


    Execution Region ER_ZI (Base: 0x20000070, Size: 0x000006c0, Max: 0xffffffff, ABSOLUTE)

    Base Addr    Size         Type   Attr      Idx    E Section Name        Object

    0x20000070   0x000001f8   Zero   RW           23    .bss                nokia5110.o
    0x20000268   0x00000048   Zero   RW           97    .bss                connectfourmain.o
    0x200002b0   0x0000001c   Zero   RW          409    .bss                connectfour.o
    0x200002cc   0x00000060   Zero   RW          501    .bss                c_w.l(libspace.o)
    0x2000032c   0x00000004   PAD
    0x20000330   0x00000000   Zero   RW            2    HEAP                startup.o
    0x20000330   0x00000400   Zero   RW            1    STACK               startup.o

